 BerconMaps

 Timestamp is 5aa99c48 (Wed Mar 14 18:03:52 2018)

 Preferred load address is 0000000180000000

 Start         Length     Name                   Class
 0001:00000000 00009210H .text$di                CODE
 0001:00009210 0003f840H .text$mn                CODE
 0001:00048a50 00000020H .text$mn$00             CODE
 0001:00048a70 00001110H .text$x                 CODE
 0001:00049b80 00000295H .text$yd                CODE
 0002:00000000 00000898H .idata$5                DATA
 0002:00000898 00000010H .00cfg                  DATA
 0002:000008a8 00000008H .CRT$XCA                DATA
 0002:000008b0 00000208H .CRT$XCU                DATA
 0002:00000ab8 00000008H .CRT$XCZ                DATA
 0002:00000ac0 00000008H .CRT$XIA                DATA
 0002:00000ac8 00000008H .CRT$XIC                DATA
 0002:00000ad0 00000008H .CRT$XIZ                DATA
 0002:00000ad8 00000008H .CRT$XLA                DATA
 0002:00000ae0 00000008H .CRT$XLZ                DATA
 0002:00000ae8 00000008H .CRT$XPA                DATA
 0002:00000af0 00000008H .CRT$XPZ                DATA
 0002:00000af8 00000008H .CRT$XTA                DATA
 0002:00000b00 00000010H .CRT$XTZ                DATA
 0002:00000b10 00007e78H .rdata                  DATA
 0002:00008988 00000028H .rdata$T                DATA
 0002:000089b0 00002114H .rdata$r                DATA
 0002:0000aac4 000003c4H .rdata$zzzdbg           DATA
 0002:0000ae88 00000008H .rtc$IAA                DATA
 0002:0000ae90 00000008H .rtc$IZZ                DATA
 0002:0000ae98 00000008H .rtc$TAA                DATA
 0002:0000aea0 00000010H .rtc$TZZ                DATA
 0002:0000aeb0 00003010H .xdata                  DATA
 0002:0000dec0 000001e0H .xdata$x                DATA
 0002:0000e0a0 000000ccH .edata                  DATA
 0002:0000e16c 000000b4H .idata$2                DATA
 0002:0000e220 00000018H .idata$3                DATA
 0002:0000e238 00000898H .idata$4                DATA
 0002:0000ead0 00002eb8H .idata$6                DATA
 0003:00000000 000004f0H .data                   DATA
 0003:000004f0 00000a60H .data$r                 DATA
 0003:00000f50 00001408H .bss                    DATA
 0004:00000000 00003180H .pdata                  DATA
 0005:00000000 00000034H .gfids$y                DATA
 0006:00000000 00000004H .tls                    DATA
 0006:00000004 00000004H .tls$                   DATA
 0006:00000008 00000001H .tls$ZZZ                DATA
 0007:00000000 00000910H .rsrc$01                DATA
 0007:00000910 00019ae8H .rsrc$02                DATA

  Address         Publics by Value              Rva+Base               Lib:Object

 0000:00000000       __guard_longjmp_count      0000000000000000     <absolute>
 0000:00000000       __guard_longjmp_table      0000000000000000     <absolute>
 0000:00000000       __guard_fids_count         0000000000000000     <absolute>
 0000:00000000       __guard_iat_count          0000000000000000     <absolute>
 0000:00000000       __guard_iat_table          0000000000000000     <absolute>
 0000:00000000       ___safe_se_handler_table   0000000000000000     <absolute>
 0000:00000000       __dynamic_value_reloc_table 0000000000000000     <absolute>
 0000:00000000       ___safe_se_handler_count   0000000000000000     <absolute>
 0000:00000000       __guard_fids_table         0000000000000000     <absolute>
 0000:00000100       __guard_flags              0000000000000100     <absolute>
 0000:00000000       __ImageBase                0000000180000000     <linker-defined>
 0001:00009210       ??0AssetId@AssetManagement@MaxSDK@@QEAA@XZ 000000018000a210 f i DllEntry.obj
 0001:00009240       ??0Class_ID@@QEAA@KK@Z     000000018000a240 f i DllEntry.obj
 0001:00009270       ??_H@YAXPEAX_K1P6APEAX0@Z@Z 000000018000a270 f i DllEntry.obj
 0001:000092d0       ?GetString@@YAPEA_WH@Z     000000018000a2d0 f   DllEntry.obj
 0001:00009330       ?LibClassDesc@@YAPEAVClassDesc@@H@Z 000000018000a330 f   DllEntry.obj
 0001:000093a0       ?LibDescription@@YAPEB_WXZ 000000018000a3a0 f   DllEntry.obj
 0001:000093c0       ?LibNumberClasses@@YAHXZ   000000018000a3c0 f   DllEntry.obj
 0001:000093d0       ?LibVersion@@YAKXZ         000000018000a3d0 f   DllEntry.obj
 0001:000093e0       DllMain                    000000018000a3e0 f   DllEntry.obj
 0001:00009430       ??0Matrix3@@QEAA@XZ        000000018000a430 f i BerconCommon.obj
 0001:00009450       ??AMatrix3@@QEBAAEBVPoint3@@H@Z 000000018000a450 f i BerconCommon.obj
 0001:00009480       ??D@YA?AVPoint3@@AEBV0@M@Z 000000018000a480 f i BerconCommon.obj
 0001:000094f0       ?EnableStuff@BerconXYZ@@AEAAXPEAVIParamBlock2@@H@Z 000000018000a4f0 f   BerconCommon.obj
 0001:000098e0       ?GetRow@Matrix3@@QEBA?AVPoint3@@H@Z 000000018000a8e0 f i BerconCommon.obj
 0001:00009920       ?SetEmpty@Interval@@QEAAXXZ 000000018000a920 f i BerconCommon.obj
 0001:00009940       ?get@BerconXYZ@@AEAAHAEAVShadeContext@@AEAVPoint3@@11VMatrix3@@PEAH@Z 000000018000a940 f   BerconCommon.obj
 0001:0000a180       ?get@BerconXYZ@@AEAAHAEAVShadeContext@@AEAVPoint3@@VMatrix3@@PEAH@Z 000000018000b180 f   BerconCommon.obj
 0001:0000a660       ?get@BerconXYZ@@QEAAHAEAVShadeContext@@AEAVPoint3@@11@Z 000000018000b660 f   BerconCommon.obj
 0001:0000a750       ?get@BerconXYZ@@QEAAHAEAVShadeContext@@AEAVPoint3@@11PEAV3@@Z 000000018000b750 f   BerconCommon.obj
 0001:0000ad20       ?get@BerconXYZ@@QEAAHAEAVShadeContext@@AEAVPoint3@@@Z 000000018000bd20 f   BerconCommon.obj
 0001:0000ade0       ?get@BerconXYZ@@QEAAHAEAVShadeContext@@AEAVPoint3@@PEAV3@@Z 000000018000bde0 f   BerconCommon.obj
 0001:0000b370       ?getBasis@BerconXYZ@@AEAAXVMatrix3@@PEAVPoint3@@@Z 000000018000c370 f   BerconCommon.obj
 0001:0000b5b0       ?isRealworld@BerconXYZ@@QEAAHXZ 000000018000c5b0 f i BerconCommon.obj
 0001:0000b5f0       ?random@BerconXYZ@@AEAA?AVMatrix3@@AEAVShadeContext@@PEAV2@@Z 000000018000c5f0 f   BerconCommon.obj
 0001:0000bb60       ?reset@BerconXYZ@@QEAAXPEAVIParamBlock2@@AEAVInterval@@HHHH@Z 000000018000cb60 f   BerconCommon.obj
 0001:0000c050       ?seedRandomGen@BerconXYZ@@AEAAXAEAVShadeContext@@@Z 000000018000d050 f   BerconCommon.obj
 0001:0000c720       ?update@BerconXYZ@@QEAAXPEAVIParamBlock2@@HAEAVInterval@@@Z 000000018000d720 f   BerconCommon.obj
 0001:0000d220       ?update@BerconXYZ@@QEAAXXZ 000000018000e220 f   BerconCommon.obj
 0001:0000d4f0       ??0?$Tab@PEAVBaseInterface@@@@QEAA@XZ 000000018000e4f0 f i BerconDistortion.obj
 0001:0000d4f0       ??0_Container_base12@std@@QEAA@XZ 000000018000e4f0 f i BerconTile.obj
 0001:0000d510       ??0AColor@@QEAA@AEBV0@@Z   000000018000e510 f i BerconDistortion.obj
 0001:0000d570       ??0AColor@@QEAA@HHHH@Z     000000018000e570 f i BerconDistortion.obj
 0001:0000d5d0       ??0AColor@@QEAA@MMMM@Z     000000018000e5d0 f i BerconDistortion.obj
 0001:0000d630       ??0?$allocator@M@std@@QEAA@XZ 000000018000e630 f i BerconTile.obj
 0001:0000d630       ??0_Bxty@?$_String_val@U?$_Simple_types@_W@std@@@std@@QEAA@XZ 000000018000e630 f i BerconTile.obj
 0001:0000d630       ??$_Unchecked@PEAM@std@@YAPEAMPEAM@Z 000000018000e630 f i tile.obj
 0001:0000d630       ??$_Unfancy@_W@std@@YAPEA_WPEA_W@Z 000000018000e630 f i BerconTile.obj
 0001:0000d630       ??$forward@AEAU?$_Wrap_alloc@V?$allocator@V?$basic_string@_WU?$char_traits@_W@std@@V?$allocator@_W@2@@std@@@std@@@std@@@std@@YAAEAU?$_Wrap_alloc@V?$allocator@V?$basic_string@_WU?$char_traits@_W@std@@V?$allocator@_W@2@@std@@@std@@@0@AEAU10@@Z 000000018000e630 f i tile.obj
 0001:0000d630       ??$forward@U_Container_proxy@std@@@std@@YA$$QEAU_Container_proxy@0@AEAU10@@Z 000000018000e630 f i BerconTile.obj
 0001:0000d630       ??$_Unfancy@V?$basic_string@_WU?$char_traits@_W@std@@V?$allocator@_W@2@@std@@@std@@YAPEAV?$basic_string@_WU?$char_traits@_W@std@@V?$allocator@_W@2@@0@PEAV10@@Z 000000018000e630 f i tile.obj
 0001:0000d630       ?_Get_second@?$_Compressed_pair@U?$_Wrap_alloc@V?$allocator@_W@std@@@std@@V?$_String_val@U?$_Simple_types@_W@std@@@2@$00@std@@QEBAAEBV?$_String_val@U?$_Simple_types@_W@std@@@2@XZ 000000018000e630 f i BerconTile.obj
 0001:0000d630       ??$forward@V?$vector@MV?$allocator@M@std@@@std@@@std@@YA$$QEAV?$vector@MV?$allocator@M@std@@@0@AEAV10@@Z 000000018000e630 f i tile.obj
 0001:0000d630       ??$addressof@PEA_W@std@@YAPEAPEA_WAEAPEA_W@Z 000000018000e630 f i BerconTile.obj
 0001:0000d630       ??$forward@AEAU?$_Wrap_alloc@V?$allocator@VTileRow@@@std@@@std@@@std@@YAAEAU?$_Wrap_alloc@V?$allocator@VTileRow@@@std@@@0@AEAU10@@Z 000000018000e630 f i BerconTile.obj
 0001:0000d630       ??0Color@@QEAA@XZ          000000018000e630 f i BerconDistortion.obj
 0001:0000d630       ??$addressof@$$CBM@std@@YAPEBMAEBM@Z 000000018000e630 f i tile.obj
 0001:0000d630       ??$addressof@V?$basic_string@_WU?$char_traits@_W@std@@V?$allocator@_W@2@@std@@@std@@YAPEAV?$basic_string@_WU?$char_traits@_W@std@@V?$allocator@_W@2@@0@AEAV10@@Z 000000018000e630 f i tile.obj
 0001:0000d630       ?_Get_first@?$_Compressed_pair@U?$_Wrap_alloc@V?$allocator@_W@std@@@std@@V?$_String_val@U?$_Simple_types@_W@std@@@2@$00@std@@QEBAAEBU?$_Wrap_alloc@V?$allocator@_W@std@@@2@XZ 000000018000e630 f i BerconTile.obj
 0001:0000d630       ?_Get_first@?$_Compressed_pair@U?$_Wrap_alloc@V?$allocator@_W@std@@@std@@V?$_String_val@U?$_Simple_types@_W@std@@@2@$00@std@@QEAAAEAU?$_Wrap_alloc@V?$allocator@_W@std@@@2@XZ 000000018000e630 f i BerconTile.obj
 0001:0000d630       ??$_Unfancy@U_Container_proxy@std@@@std@@YAPEAU_Container_proxy@0@PEAU10@@Z 000000018000e630 f i BerconTile.obj
 0001:0000d630       ?_Get_first@?$_Compressed_pair@U?$_Wrap_alloc@V?$allocator@V?$basic_string@_WU?$char_traits@_W@std@@V?$allocator@_W@2@@std@@@std@@@std@@V?$_Vector_val@U?$_Simple_types@V?$basic_string@_WU?$char_traits@_W@std@@V?$allocator@_W@2@@std@@@std@@@2@$00@std@@QEAAAEAU?$_Wrap_alloc@V?$allocator@V?$basic_string@_WU?$char_traits@_W@std@@V?$allocator@_W@2@@std@@@std@@@2@XZ 000000018000e630 f i tile.obj
 0001:0000d630       ??$forward@AEAVTileRow@@@std@@YAAEAVTileRow@@AEAV1@@Z 000000018000e630 f i tile.obj
 0001:0000d630       ??0?$allocator@VTileRow@@@std@@QEAA@XZ 000000018000e630 f i BerconTile.obj
 0001:0000d630       ?_Get_first@?$_Compressed_pair@U?$_Wrap_alloc@V?$allocator@M@std@@@std@@V?$_Vector_val@U?$_Simple_types@M@std@@@2@$00@std@@QEAAAEAU?$_Wrap_alloc@V?$allocator@M@std@@@2@XZ 000000018000e630 f i BerconTile.obj
 0001:0000d630       ??$_Unfancy@VTileRow@@@std@@YAPEAVTileRow@@PEAV1@@Z 000000018000e630 f i BerconTile.obj
 0001:0000d630       ??$move@AEAV?$basic_string@_WU?$char_traits@_W@std@@V?$allocator@_W@2@@std@@@std@@YA$$QEAV?$basic_string@_WU?$char_traits@_W@std@@V?$allocator@_W@2@@0@AEAV10@@Z 000000018000e630 f i tile.obj
 0001:0000d630       ??$forward@V?$allocator@_W@std@@@std@@YA$$QEAV?$allocator@_W@0@AEAV10@@Z 000000018000e630 f i tile.obj
 0001:0000d630       ??$forward@AEBV?$allocator@_W@std@@@std@@YAAEBV?$allocator@_W@0@AEBV10@@Z 000000018000e630 f i tile.obj
 0001:0000d630       ?_Get_second@?$_Compressed_pair@U?$_Wrap_alloc@V?$allocator@VTileRow@@@std@@@std@@V?$_Vector_val@U?$_Simple_types@VTileRow@@@std@@@2@$00@std@@QEBAAEBV?$_Vector_val@U?$_Simple_types@VTileRow@@@std@@@2@XZ 000000018000e630 f i BerconTile.obj
 0001:0000d630       ?_Get_second@?$_Compressed_pair@U?$_Wrap_alloc@V?$allocator@M@std@@@std@@V?$_Vector_val@U?$_Simple_types@M@std@@@2@$00@std@@QEBAAEBV?$_Vector_val@U?$_Simple_types@M@std@@@2@XZ 000000018000e630 f i BerconTile.obj
 0001:0000d630       ??$addressof@M@std@@YAPEAMAEAM@Z 000000018000e630 f i tile.obj
 0001:0000d630       ??$forward@AEAU?$_Wrap_alloc@V?$allocator@M@std@@@std@@@std@@YAAEAU?$_Wrap_alloc@V?$allocator@M@std@@@0@AEAU10@@Z 000000018000e630 f i BerconTile.obj
 0001:0000d630       ??$move@AEAU?$_Wrap_alloc@V?$allocator@M@std@@@std@@@std@@YA$$QEAU?$_Wrap_alloc@V?$allocator@M@std@@@0@AEAU10@@Z 000000018000e630 f i tile.obj
 0001:0000d630       ?_Get_first@?$_Compressed_pair@U?$_Wrap_alloc@V?$allocator@V?$basic_string@_WU?$char_traits@_W@std@@V?$allocator@_W@2@@std@@@std@@@std@@V?$_Vector_val@U?$_Simple_types@V?$basic_string@_WU?$char_traits@_W@std@@V?$allocator@_W@2@@std@@@std@@@2@$00@std@@QEBAAEBU?$_Wrap_alloc@V?$allocator@V?$basic_string@_WU?$char_traits@_W@std@@V?$allocator@_W@2@@std@@@std@@@2@XZ 000000018000e630 f i tile.obj
 0001:0000d630       ??$forward@AEBVTileRow@@@std@@YAAEBVTileRow@@AEBV1@@Z 000000018000e630 f i tile.obj
 0001:0000d630       ?_Get_first@?$_Compressed_pair@U?$_Wrap_alloc@V?$allocator@VTileRow@@@std@@@std@@V?$_Vector_val@U?$_Simple_types@VTileRow@@@std@@@2@$00@std@@QEBAAEBU?$_Wrap_alloc@V?$allocator@VTileRow@@@std@@@2@XZ 000000018000e630 f i tile.obj
 0001:0000d630       ?_Get_second@?$_Compressed_pair@U?$_Wrap_alloc@V?$allocator@VTileRow@@@std@@@std@@V?$_Vector_val@U?$_Simple_types@VTileRow@@@std@@@2@$00@std@@QEAAAEAV?$_Vector_val@U?$_Simple_types@VTileRow@@@std@@@2@XZ 000000018000e630 f i BerconTile.obj
 0001:0000d630       ??$addressof@$$CBVTileRow@@@std@@YAPEBVTileRow@@AEBV1@@Z 000000018000e630 f i tile.obj
 0001:0000d630       ??$forward@U?$_Wrap_alloc@V?$allocator@_W@std@@@std@@@std@@YA$$QEAU?$_Wrap_alloc@V?$allocator@_W@std@@@0@AEAU10@@Z 000000018000e630 f i tile.obj
 0001:0000d630       ??$addressof@U_Container_proxy@std@@@std@@YAPEAU_Container_proxy@0@AEAU10@@Z 000000018000e630 f i BerconTile.obj
 0001:0000d630       ??$_Unchecked@PEAVTileRow@@@std@@YAPEAVTileRow@@PEAV1@@Z 000000018000e630 f i tile.obj
 0001:0000d630       ??$forward@AEAPEA_W@std@@YAAEAPEA_WAEAPEA_W@Z 000000018000e630 f i BerconTile.obj
 0001:0000d630       ?_Get_first@?$_Compressed_pair@U?$_Wrap_alloc@V?$allocator@VTileRow@@@std@@@std@@V?$_Vector_val@U?$_Simple_types@VTileRow@@@std@@@2@$00@std@@QEAAAEAU?$_Wrap_alloc@V?$allocator@VTileRow@@@std@@@2@XZ 000000018000e630 f i BerconTile.obj
 0001:0000d630       ?_Get_second@?$_Compressed_pair@U?$_Wrap_alloc@V?$allocator@_W@std@@@std@@V?$_String_val@U?$_Simple_types@_W@std@@@2@$00@std@@QEAAAEAV?$_String_val@U?$_Simple_types@_W@std@@@2@XZ 000000018000e630 f i BerconTile.obj
 0001:0000d630       ?_Get_second@?$_Compressed_pair@U?$_Wrap_alloc@V?$allocator@V?$basic_string@_WU?$char_traits@_W@std@@V?$allocator@_W@2@@std@@@std@@@std@@V?$_Vector_val@U?$_Simple_types@V?$basic_string@_WU?$char_traits@_W@std@@V?$allocator@_W@2@@std@@@std@@@2@$00@std@@QEBAAEBV?$_Vector_val@U?$_Simple_types@V?$basic_string@_WU?$char_traits@_W@std@@V?$allocator@_W@2@@std@@@std@@@2@XZ 000000018000e630 f i tile.obj
 0001:0000d630       ?_Get_first@?$_Compressed_pair@U?$_Wrap_alloc@V?$allocator@M@std@@@std@@V?$_Vector_val@U?$_Simple_types@M@std@@@2@$00@std@@QEBAAEBU?$_Wrap_alloc@V?$allocator@M@std@@@2@XZ 000000018000e630 f i tile.obj
 0001:0000d630       ?_Get_second@?$_Compressed_pair@U?$_Wrap_alloc@V?$allocator@M@std@@@std@@V?$_Vector_val@U?$_Simple_types@M@std@@@2@$00@std@@QEAAAEAV?$_Vector_val@U?$_Simple_types@M@std@@@2@XZ 000000018000e630 f i BerconTile.obj
 0001:0000d630       ?_Get_second@?$_Compressed_pair@U?$_Wrap_alloc@V?$allocator@V?$basic_string@_WU?$char_traits@_W@std@@V?$allocator@_W@2@@std@@@std@@@std@@V?$_Vector_val@U?$_Simple_types@V?$basic_string@_WU?$char_traits@_W@std@@V?$allocator@_W@2@@std@@@std@@@2@$00@std@@QEAAAEAV?$_Vector_val@U?$_Simple_types@V?$basic_string@_WU?$char_traits@_W@std@@V?$allocator@_W@2@@std@@@std@@@2@XZ 000000018000e630 f i tile.obj
 0001:0000d630       ??$_Unchecked@PEAV?$basic_string@_WU?$char_traits@_W@std@@V?$allocator@_W@2@@std@@@std@@YAPEAV?$basic_string@_WU?$char_traits@_W@std@@V?$allocator@_W@2@@0@PEAV10@@Z 000000018000e630 f i tile.obj
 0001:0000d630       ??$move@AEAU?$_Wrap_alloc@V?$allocator@_W@std@@@std@@@std@@YA$$QEAU?$_Wrap_alloc@V?$allocator@_W@std@@@0@AEAU10@@Z 000000018000e630 f i tile.obj
 0001:0000d630       ??$forward@AEBM@std@@YAAEBMAEBM@Z 000000018000e630 f i tile.obj
 0001:0000d630       ??$move@AEAVTileRow@@@std@@YA$$QEAVTileRow@@AEAV1@@Z 000000018000e630 f i tile.obj
 0001:0000d630       ??0AColor@@QEAA@XZ         000000018000e630 f i BerconDistortion.obj
 0001:0000d630       ??$forward@V?$allocator@M@std@@@std@@YA$$QEAV?$allocator@M@0@AEAV10@@Z 000000018000e630 f i tile.obj
 0001:0000d630       ??0?$allocator@_W@std@@QEAA@XZ 000000018000e630 f i BerconTile.obj
 0001:0000d630       ??$forward@AEAM@std@@YAAEAMAEAM@Z 000000018000e630 f i tile.obj
 0001:0000d630       ??$forward@VTileRow@@@std@@YA$$QEAVTileRow@@AEAV1@@Z 000000018000e630 f i tile.obj
 0001:0000d630       ??0?$allocator@V?$basic_string@_WU?$char_traits@_W@std@@V?$allocator@_W@2@@std@@@std@@QEAA@XZ 000000018000e630 f i tile.obj
 0001:0000d630       ??$forward@M@std@@YA$$QEAMAEAM@Z 000000018000e630 f i tile.obj
 0001:0000d630       ??$forward@V?$basic_string@_WU?$char_traits@_W@std@@V?$allocator@_W@2@@std@@@std@@YA$$QEAV?$basic_string@_WU?$char_traits@_W@std@@V?$allocator@_W@2@@0@AEAV10@@Z 000000018000e630 f i tile.obj
 0001:0000d630       ??$forward@AEAU?$_Wrap_alloc@V?$allocator@_W@std@@@std@@@std@@YAAEAU?$_Wrap_alloc@V?$allocator@_W@std@@@0@AEAU10@@Z 000000018000e630 f i BerconTile.obj
 0001:0000d630       ??$forward@U?$_Wrap_alloc@V?$allocator@M@std@@@std@@@std@@YA$$QEAU?$_Wrap_alloc@V?$allocator@M@std@@@0@AEAU10@@Z 000000018000e630 f i tile.obj
 0001:0000d630       ??$_Unfancy@M@std@@YAPEAMPEAM@Z 000000018000e630 f i tile.obj
 0001:0000d640       ??0BaseInterfaceServer@@QEAA@XZ 000000018000e640 f i BerconDistortion.obj
 0001:0000d690       ??0BerconDistortion@@QEAA@XZ 000000018000e690 f   BerconDistortion.obj
 0001:0000d790       ??0BerconDistortionClassDesc@@QEAA@XZ 000000018000e790 f i BerconDistortion.obj
 0001:0000d7d0       ??0BerconSC@@QEAA@QEAVShadeContext@@@Z 000000018000e7d0 f i BerconDistortion.obj
 0001:0000d970       ??0BerconXYZ@@QEAA@XZ      000000018000e970 f i BerconDistortion.obj
 0001:0000da10       ??0BerconXYZDlgProc@@QEAA@PEAVReferenceTarget@@@Z 000000018000ea10 f i BerconDistortion.obj
 0001:0000da60       ??0Class_ID@@QEAA@XZ       000000018000ea60 f i BerconDistortion.obj
 0001:0000da90       ??0InterfaceServer@@QEAA@XZ 000000018000ea90 f i BerconDistortion.obj
 0001:0000dab0       ??0Interface_ID@@QEAA@AEBV0@@Z 000000018000eab0 f i BerconDistortion.obj
 0001:0000dae0       ??0Interval@@QEAA@XZ       000000018000eae0 f i BerconDistortion.obj
 0001:0000db00       ??0ParamMap2UserDlgProc@@QEAA@XZ 000000018000eb00 f i BerconDistortion.obj
 0001:0000db20       ??0ShadeContext@@QEAA@XZ   000000018000eb20 f i BerconDistortion.obj
 0001:0000dbd0       ??0ShadeOutput@@QEAA@XZ    000000018000ebd0 f i BerconDistortion.obj
 0001:0000dc70       ??0TabOutOfRangeException@Util@MaxSDK@@QEAA@AEBV012@@Z 000000018000ec70 f i BerconDistortion.obj
 0001:0000dcc0       ??0TabOutOfRangeException@Util@MaxSDK@@QEAA@PEB_W@Z 000000018000ecc0 f i BerconDistortion.obj
 0001:0000dd10       ??0XYZ_Desc@@QEAA@PEAVClassDesc2@@HHHHHHH@Z 000000018000ed10 f i BerconDistortion.obj
 0001:0000f380       ??1?$Tab@PEAVBaseInterface@@@@QEAA@XZ 0000000180010380 f i BerconDistortion.obj
 0001:0000f3b0       ??1BerconDistortion@@UEAA@XZ 00000001800103b0 f   BerconDistortion.obj
 0001:0000f400       ??1BerconDistortionClassDesc@@UEAA@XZ 0000000180010400 f i BerconDistortion.obj
 0001:0000f440       ??1BerconSC@@UEAA@XZ       0000000180010440 f i BerconDistortion.obj
 0001:0000f470       ??1BerconXYZDlgProc@@UEAA@XZ 0000000180010470 f i BerconDistortion.obj
 0001:0000f4a0       ??1ParamMap2UserDlgProc@@UEAA@XZ 00000001800104a0 f i BerconDistortion.obj
 0001:0000f4c0       ??1ShadeContext@@UEAA@XZ   00000001800104c0 f i BerconDistortion.obj
 0001:0000f500       ??1ShadeOutput@@UEAA@XZ    0000000180010500 f i BerconDistortion.obj
 0001:0000f530       ??1TabOutOfRangeException@Util@MaxSDK@@UEAA@XZ 0000000180010530 f i BerconDistortion.obj
 0001:0000f560       ??1Texmap@@UEAA@XZ         0000000180010560 f i BerconDistortion.obj
 0001:0000f590       ??1XYZ_Desc@@UEAA@XZ       0000000180010590 f i BerconDistortion.obj
 0001:0000f5c0       ??4ShadeOutput@@QEAAAEAV0@AEBV0@@Z 00000001800105c0 f i BerconDistortion.obj
 0001:0000f6b0       ??8Class_ID@@QEBA_NAEBV0@@Z 00000001800106b0 f i BerconDistortion.obj
 0001:0000f700       ??A?$Tab@PEAVFPInterface@@@@QEBAAEAPEAVFPInterface@@_J@Z 0000000180010700 f i BerconDistortion.obj
 0001:0000f770       ??_4Interval@@QEAAAEAV0@V0@@Z 0000000180010770 f i BerconDistortion.obj
 0001:0000f7a8       ??_EBerconDistortion@@WEA@EAAPEAXI@Z 00000001800107a8 f i BerconDistortion.obj
 0001:0000f7c0       ??_GBaseInterfaceServer@@UEAAPEAXI@Z 00000001800107c0 f i BerconDistortion.obj
 0001:0000f7c0       ??_EBaseInterfaceServer@@UEAAPEAXI@Z 00000001800107c0 f i BerconDistortion.obj
 0001:0000f820       ??_EBerconDistortion@@UEAAPEAXI@Z 0000000180010820 f i BerconDistortion.obj
 0001:0000f820       ??_GBerconDistortion@@UEAAPEAXI@Z 0000000180010820 f i BerconDistortion.obj
 0001:0000f880       ??_GBerconDistortionClassDesc@@UEAAPEAXI@Z 0000000180010880 f i BerconDistortion.obj
 0001:0000f880       ??_EBerconDistortionClassDesc@@UEAAPEAXI@Z 0000000180010880 f i BerconDistortion.obj
 0001:0000f8e0       ??_GBerconSC@@UEAAPEAXI@Z  00000001800108e0 f i BerconDistortion.obj
 0001:0000f8e0       ??_EBerconSC@@UEAAPEAXI@Z  00000001800108e0 f i BerconDistortion.obj
 0001:0000f940       ??_GBerconXYZDlgProc@@UEAAPEAXI@Z 0000000180010940 f i BerconDistortion.obj
 0001:0000f940       ??_EBerconXYZDlgProc@@UEAAPEAXI@Z 0000000180010940 f i BerconDistortion.obj
 0001:0000f9a0       ??_GInterfaceServer@@UEAAPEAXI@Z 00000001800109a0 f i BerconDistortion.obj
 0001:0000f9a0       ??_EInterfaceServer@@UEAAPEAXI@Z 00000001800109a0 f i BerconDistortion.obj
 0001:0000fa00       ??_EParamMap2UserDlgProc@@UEAAPEAXI@Z 0000000180010a00 f i BerconDistortion.obj
 0001:0000fa00       ??_GParamMap2UserDlgProc@@UEAAPEAXI@Z 0000000180010a00 f i BerconDistortion.obj
 0001:0000fa60       ??_GShadeContext@@UEAAPEAXI@Z 0000000180010a60 f i BerconDistortion.obj
 0001:0000fa60       ??_EShadeContext@@UEAAPEAXI@Z 0000000180010a60 f i BerconDistortion.obj
 0001:0000fac0       ??_GShadeOutput@@UEAAPEAXI@Z 0000000180010ac0 f i BerconDistortion.obj
 0001:0000fac0       ??_EShadeOutput@@UEAAPEAXI@Z 0000000180010ac0 f i BerconDistortion.obj
 0001:0000fb20       ??_GTabOutOfRangeException@Util@MaxSDK@@UEAAPEAXI@Z 0000000180010b20 f i BerconDistortion.obj
 0001:0000fb20       ??_ETabOutOfRangeException@Util@MaxSDK@@UEAAPEAXI@Z 0000000180010b20 f i BerconDistortion.obj
 0001:0000fb80       ??_EXYZ_Desc@@UEAAPEAXI@Z  0000000180010b80 f i BerconDistortion.obj
 0001:0000fb80       ??_GXYZ_Desc@@UEAAPEAXI@Z  0000000180010b80 f i BerconDistortion.obj
 0001:0000fbe0       ?ActivateTexDisplay@BerconDistortion@@UEAAXH@Z 0000000180010be0 f i BerconDistortion.obj
 0001:0000fc10       ?AdjustTangents@Animatable@@UEAAXVTrackHitRecord@@PEAVParamDimensionBase@@AEAVBox2@@MHMHHHK@Z 0000000180010c10 f i BerconDistortion.obj
 0001:0000fc30       ?AdjustTangents@Animatable@@UEAAXVTrackHitRecord@@PEAVParamDimensionBase@@MMK@Z 0000000180010c30 f i BerconDistortion.obj
 0001:0000fc50       ?Antialias@BerconSC@@UEAAHXZ 0000000180010c50 f i BerconDistortion.obj
 0001:0000fc80       ?CopyTrack@Animatable@@UEAAPEAVTrackClipObject@@VInterval@@K@Z 0000000180010c80 f i BerconDistortion.obj
 0001:0000fc80       ?AssignController@Animatable@@UEAAHPEAV1@H@Z 0000000180010c80 f i BerconDistortion.obj
 0001:0000fc80       ?CanCopyTrack@Animatable@@UEAAHVInterval@@K@Z 0000000180010c80 f i BerconDistortion.obj
 0001:0000fca0       ?BarycentricCoords@BerconSC@@UEAA?AVPoint3@@XZ 0000000180010ca0 f i BerconDistortion.obj
 0001:0000fce0       ?BarycentricCoords@ShadeContext@@UEAA?AVPoint3@@XZ 0000000180010ce0 f i BerconDistortion.obj
 0001:0000fd10       ?EndEditParams@Animatable@@UEAAXPEAVIObjParam@@KPEAV1@@Z 0000000180010d10 f i BerconDistortion.obj
 0001:0000fd10       ?BeginEditParams@Animatable@@UEAAXPEAVIObjParam@@KPEAV1@@Z 0000000180010d10 f i BerconDistortion.obj
 0001:0000fd30       ?BitMask@BitArray@@AEBA_KH@Z 0000000180010d30 f i BerconDistortion.obj
 0001:0000fd80       ?GetTransparencyHint@MtlBase@@UEAAHHAEAVInterval@@@Z 0000000180010d80 f i BerconDistortion.obj
 0001:0000fd80       ?BuildMaps@MtlBase@@UEAAHHAEAVRenderMapsContext@@@Z 0000000180010d80 f i BerconDistortion.obj
 0001:0000fda0       ?BumpBasisVectors@BerconSC@@UEAAHQEAVPoint3@@HH@Z 0000000180010da0 f i BerconDistortion.obj
 0001:0000fdf0       ?BumpBasisVectors@ShadeContext@@UEAAHQEAVPoint3@@HH@Z 0000000180010df0 f i BerconDistortion.obj
 0001:0000fe10       ?Node@ShadeContext@@UEAAPEAVINode@@XZ 0000000180010e10 f i BerconDistortion.obj
 0001:0000fe10       ?GetTheXYZGen@BerconNoise@@UEAAPEAVXYZGen@@XZ 0000000180010e10 f i BerconNoise.obj
 0001:0000fe10       ?GetTheUVGen@Texmap@@UEAAPEAVUVGen@@XZ 0000000180010e10 f i BerconDistortion.obj
 0001:0000fe10       ?SupportTimeOperations@Animatable@@UEAAHXZ 0000000180010e10 f i BerconDistortion.obj
 0001:0000fe10       ?IsMultiMtl@MtlBase@@UEAAHXZ 0000000180010e10 f i BerconDistortion.obj
 0001:0000fe10       ?IsManipulator@ClassDesc@@UEAAHXZ 0000000180010e10 f i BerconDistortion.obj
 0001:0000fe10       ?IsTextureSuperSampleOn@ShadeContext@@UEAAHXZ 0000000180010e10 f i BerconDistortion.obj
 0001:0000fe10       ?BypassPropertyLevel@Animatable@@UEAAHXZ 0000000180010e10 f i BerconDistortion.obj
 0001:0000fe10       ?TrackParamsType@Animatable@@UEAAHXZ 0000000180010e10 f i BerconDistortion.obj
 0001:0000fe10       ?DebugFile@ShadeContext@@UEAAPEAU_iobuf@@XZ 0000000180010e10 f i BerconDistortion.obj
 0001:0000fe10       ?InvisibleProperty@Animatable@@UEAAHXZ 0000000180010e10 f i BerconDistortion.obj
 0001:0000fe10       ?NumChildren@Animatable@@UEAAHXZ 0000000180010e10 f i BerconDistortion.obj
 0001:0000fe10       ?IsCurveSelected@Animatable@@UEAAHXZ 0000000180010e10 f i BerconDistortion.obj
 0001:0000fe10       ?GetTheXYZGen@Texmap@@UEAAPEAVXYZGen@@XZ 0000000180010e10 f i BerconDistortion.obj
 0001:0000fe10       ?BypassTreeView@Animatable@@UEAAHXZ 0000000180010e10 f i BerconDistortion.obj
 0001:0000fe10       ?GetUVWSource@Texmap@@UEAAHXZ 0000000180010e10 f i BerconDistortion.obj
 0001:0000fe10       ?HasClassParams@ClassDesc@@UEAAHXZ 0000000180010e10 f i BerconDistortion.obj
 0001:0000fe10       ?NumSelKeys@Animatable@@UEAAHXZ 0000000180010e10 f i BerconDistortion.obj
 0001:0000fe10       ?IsHighDynamicRange@Texmap@@UEBAHXZ 0000000180010e10 f i BerconDistortion.obj
 0001:0000fe10       ?NumActionTables@ClassDesc@@UEAAHXZ 0000000180010e10 f i BerconDistortion.obj
 0001:0000fe10       ?ProjType@ShadeContext@@UEAAHXZ 0000000180010e10 f i BerconDistortion.obj
 0001:0000fe10       ?IsSuperSampleOn@ShadeContext@@UEAAHXZ 0000000180010e10 f i BerconDistortion.obj
 0001:0000fe10       ?SetKeyBufferPresent@Animatable@@UEAAHXZ 0000000180010e10 f i BerconDistortion.obj
 0001:0000fe10       ?GetEvalObject@ShadeContext@@UEAAPEAVObject@@XZ 0000000180010e10 f i BerconDistortion.obj
 0001:0000fe10       ?GetNSuperSample@ShadeContext@@UEAAHXZ 0000000180010e10 f i BerconDistortion.obj
 0001:0000fe10       ?SupportsMultiMapsInViewport@MtlBase@@UEAAHXZ 0000000180010e10 f i BerconDistortion.obj
 0001:0000fe10       ?HandleOwnViewPerturb@Texmap@@UEAAHXZ 0000000180010e10 f i BerconDistortion.obj
 0001:0000fe10       ?Antialias@ShadeContext@@UEAAHXZ 0000000180010e10 f i BerconDistortion.obj
 0001:0000fe10       ?NeedsToSave@ClassDesc@@UEAAHXZ 0000000180010e10 f i BerconDistortion.obj
 0001:0000fe20       ?BypassTrackBar@Animatable@@UEAAHXZ 0000000180010e20 f i BerconDistortion.obj
 0001:0000fe50       ?CamFarRange@BerconSC@@UEAAMXZ 0000000180010e50 f i BerconDistortion.obj
 0001:0000fe80       ?CamNearRange@ShadeContext@@UEAAMXZ 0000000180010e80 f i BerconDistortion.obj
 0001:0000fe80       ?Curve@ShadeContext@@UEAAMXZ 0000000180010e80 f i BerconDistortion.obj
 0001:0000fe80       ?CamFarRange@ShadeContext@@UEAAMXZ 0000000180010e80 f i BerconDistortion.obj
 0001:0000fe80       ?RayConeAngle@ShadeContext@@UEAAMXZ 0000000180010e80 f i BerconDistortion.obj
 0001:0000fe90       ?CamNearRange@BerconSC@@UEAAMXZ 0000000180010e90 f i BerconDistortion.obj
 0001:0000fec0       ?CamPos@BerconSC@@UEAA?AVPoint3@@XZ 0000000180010ec0 f i BerconDistortion.obj
 0001:0000ff00       ?GetTrackVSpace@Animatable@@UEAAHH@Z 0000000180010f00 f i BerconDistortion.obj
 0001:0000ff00       ?CanAssignController@Animatable@@UEAAHH@Z 0000000180010f00 f i BerconDistortion.obj
 0001:0000ff00       ?CanTransferReference@ReferenceMaker@@UEAAHH@Z 0000000180010f00 f i BerconDistortion.obj
 0001:0000ff00       ?SubTexmapOn@ISubMap@@UEAAHH@Z 0000000180010f00 f i BerconDistortion.obj
 0001:0000ff00       ?LoadMapFiles@Texmap@@UEAAHH@Z 0000000180010f00 f i BerconDistortion.obj
 0001:0000ff10       ?CopySubTrack@Animatable@@UEAAPEAVTrackClipObject@@HVInterval@@K@Z 0000000180010f10 f i BerconDistortion.obj
 0001:0000ff10       ?CanCopySubTrack@Animatable@@UEAAHHVInterval@@K@Z 0000000180010f10 f i BerconDistortion.obj
 0001:0000ff30       ?SelectSubAnim@Animatable@@UEAAHH@Z 0000000180010f30 f i BerconDistortion.obj
 0001:0000ff30       ?CanDeleteSubAnim@Animatable@@UEAAHH@Z 0000000180010f30 f i BerconDistortion.obj
 0001:0000ff30       ?GetActionTable@ClassDesc@@UEAAPEAVActionTable@@H@Z 0000000180010f30 f i BerconDistortion.obj
 0001:0000ff30       ?ChildAnim@Animatable@@UEAAPEAV1@H@Z 0000000180010f30 f i BerconDistortion.obj
 0001:0000ff30       ?IsSubCurveSelected@Animatable@@UEAAHH@Z 0000000180010f30 f i BerconDistortion.obj
 0001:0000ff30       ?GetInterface@ResourceMakerCallback@@UEAAPEAXK@Z 0000000180010f30 f i BerconGradient.obj
 0001:0000ff30       ?IsKeySelected@Animatable@@UEAAHH@Z 0000000180010f30 f i BerconDistortion.obj
 0001:0000ff30       ?RenderEnd@Animatable@@UEAAHH@Z 0000000180010f30 f i BerconDistortion.obj
 0001:0000ff30       ?GetKeyTime@Animatable@@UEAAHH@Z 0000000180010f30 f i BerconDistortion.obj
 0001:0000ff40       ?ClassID@BerconDistortion@@UEAA?AVClass_ID@@XZ 0000000180010f40 f i BerconDistortion.obj
 0001:0000ff40       ?ClassID@BerconDistortionClassDesc@@UEAA?AVClass_ID@@XZ 0000000180010f40 f i BerconDistortion.obj
 0001:0000ff70       ?ClassID@BerconSC@@UEAA?AVClass_ID@@XZ 0000000180010f70 f i BerconDistortion.obj
 0001:0000ffa0       ?ClassID@ShadeContext@@UEAA?AVClass_ID@@XZ 0000000180010fa0 f i BerconDistortion.obj
 0001:0000ffd0       ?ClassName@BerconDistortionClassDesc@@UEAAPEB_WXZ 0000000180010fd0 f i BerconDistortion.obj
 0001:0000fff0       ?ClearInterfaces@ClassDesc@@UEAAXXZ 0000000180010ff0 f i BerconDistortion.obj
 0001:00010010       ?Clone@BerconDistortion@@UEAAPEAVReferenceTarget@@AEAVRemapDir@@@Z 0000000180011010 f   BerconDistortion.obj
 0001:000101d0       ?CopyKeysFromTime@Animatable@@UEAAXHHK@Z 00000001800111d0 f i BerconDistortion.obj
 0001:000101f0       ?Count@?$Tab@PEAVFPInterface@@@@QEBAHXZ 00000001800111f0 f i BerconDistortion.obj
 0001:00010210       ?Create@BerconDistortionClassDesc@@UEAAPEAXH@Z 0000000180011210 f i BerconDistortion.obj
 0001:00010280       ?ShouldPersistWeakRef@ReferenceMaker@@UEAAHPEAVReferenceTarget@@@Z 0000000180011280 f i BerconDistortion.obj
 0001:00010280       ?CanManipulate@ClassDesc@@UEAAHPEAVReferenceTarget@@@Z 0000000180011280 f i BerconDistortion.obj
 0001:00010280       ?EndCreate@ClassDesc@@UEAAHPEAVInterface@@@Z 0000000180011280 f i BerconDistortion.obj
 0001:00010280       ?GetUserDlgProc@ClassDesc@@UEAAPEAVParamMap2UserDlgProc@@PEAVParamBlockDesc2@@@Z 0000000180011280 f i BerconDistortion.obj
 0001:00010280       ?CanManipulateNode@ClassDesc@@UEAAHPEAVINode@@@Z 0000000180011280 f i BerconDistortion.obj
 0001:00010280       ?GetParamMap@ClassDesc@@UEAAPEAVIParamMap2@@PEAVParamBlockDesc2@@@Z 0000000180011280 f i BerconDistortion.obj
 0001:00010280       ?Load@ClassDesc@@UEAA?AW4IOResult@@PEAVILoad@@@Z 0000000180011280 f i BerconDistortion.obj
 0001:00010280       ?BeginCreate@ClassDesc@@UEAAHPEAVInterface@@@Z 0000000180011280 f i BerconDistortion.obj
 0001:00010280       ?SetDlgThing@BerconDistortion@@UEAAHPEAVParamDlg@@@Z 0000000180011280 f i BerconDistortion.obj
 0001:00010280       ?Save@ClassDesc@@UEAA?AW4IOResult@@PEAVISave@@@Z 0000000180011280 f i BerconDistortion.obj
 0001:00010280       ?CreateManipulator@ClassDesc@@UEAAPEAVManipulator@@PEAVINode@@@Z 0000000180011280 f i BerconDistortion.obj
 0001:00010290       ?CreateParamDlg@BerconDistortion@@UEAAPEAVParamDlg@@PEAUHWND__@@PEAVIMtlParams@@@Z 0000000180011290 f   BerconDistortion.obj
 0001:00010340       ?CreateQtWidget@ClassDesc2@@UEAAPEAVQMaxParamBlockWidget@MaxSDK@@AEAVReferenceMaker@@AEAVIParamBlock2@@FAEAVWStr@@AEAH3@Z 0000000180011340 f i BerconDistortion.obj
 0001:00010360       ?CurTime@BerconSC@@UEAAHXZ 0000000180011360 f i BerconDistortion.obj
 0001:00010390       ?Curve@BerconSC@@UEAAMXZ   0000000180011390 f i BerconDistortion.obj
 0001:000103c0       ?DP@BerconSC@@UEAA?AVPoint3@@XZ 00000001800113c0 f i BerconDistortion.obj
 0001:00010400       ?DP@BerconSC@@UEAAXAEAVPoint3@@0@Z 0000000180011400 f i BerconDistortion.obj
 0001:00010450       ?DPObj@BerconSC@@UEAA?AVPoint3@@XZ 0000000180011450 f i BerconDistortion.obj
 0001:00010490       ?DPObjRelBox@BerconSC@@UEAA?AVPoint3@@XZ 0000000180011490 f i BerconDistortion.obj
 0001:000104d0       ?DPdUVW@BerconSC@@UEAAXQEAVPoint3@@H@Z 00000001800114d0 f i BerconDistortion.obj
 0001:00010520       ?DUVW@BerconSC@@UEAA?AVPoint3@@H@Z 0000000180011520 f i BerconDistortion.obj
 0001:00010570       ?DebugFile@BerconSC@@UEAAPEAU_iobuf@@XZ 0000000180011570 f i BerconDistortion.obj
 0001:000105a0       ?DeleteSubAnim@Animatable@@UEAAXH@Z 00000001800115a0 f i BerconDistortion.obj
 0001:000105a0       ?SelectCurve@Animatable@@UEAAXH@Z 00000001800115a0 f i BerconDistortion.obj
 0001:000105a0       ?Update@ParamMap2UserDlgProc@@UEAAXH@Z 00000001800115a0 f i BerconDistortion.obj
 0001:000105a0       ?Enable@IGradient@@UEAAXH@Z 00000001800115a0 f i BerconGradient.obj
 0001:000105a0       ?DeleteKeys@Animatable@@UEAAXK@Z 00000001800115a0 f i BerconDistortion.obj
 0001:000105a0       ?CommitSetKeyBuffer@Animatable@@UEAAXH@Z 00000001800115a0 f i BerconDistortion.obj
 0001:000105a0       ?Enable2@IGradient@@UEAAXH@Z 00000001800115a0 f i BerconGradient.obj
 0001:000105a0       ?DeleteKeyAtTime@Animatable@@UEAAXH@Z 00000001800115a0 f i BerconDistortion.obj
 0001:000105a0       ?CloneSelectedKeys@Animatable@@UEAAXH@Z 00000001800115a0 f i BerconDistortion.obj
 0001:000105a0       ?DeleteKeyByIndex@Animatable@@UEAAXH@Z 00000001800115a0 f i BerconDistortion.obj
 0001:000105b0       ?DeleteThis@BerconTile@@UEAAXXZ 00000001800115b0 f i BerconTile.obj
 0001:000105b0       ?DeleteThis@BerconWoodDlgProc@@UEAAXXZ 00000001800115b0 f i BerconWood.obj
 0001:000105b0       ?DeleteThis@BerconNoise@@UEAAXXZ 00000001800115b0 f i BerconNoise.obj
 0001:000105b0       ?DeleteThis@BerconNoiseDlgProc@@UEAAXXZ 00000001800115b0 f i BerconNoise.obj
 0001:000105b0       ?DeleteMe@IGradient@@QEAAXXZ 00000001800115b0 f i BerconGradient.obj
 0001:000105b0       ?DeleteThis@BerconCurveDlgProcGRADIENT@@UEAAXXZ 00000001800115b0 f i BerconGradient.obj
 0001:000105b0       ?DeleteThis@BerconGradient@@UEAAXXZ 00000001800115b0 f i BerconGradient.obj
 0001:000105b0       ?DeleteThis@BerconCurveDlgProcNOISE@@UEAAXXZ 00000001800115b0 f i BerconNoise.obj
 0001:000105b0       ?DeleteThis@BerconGradientDlgProc@@UEAAXXZ 00000001800115b0 f i BerconGradient.obj
 0001:000105b0       ?DeleteThis@BerconDistortion@@UEAAXXZ 00000001800115b0 f i BerconDistortion.obj
 0001:000105b0       ?DeleteThis@BerconWood@@UEAAXXZ 00000001800115b0 f i BerconWood.obj
 0001:000105b0       ?DeleteThis@BerconTileDlgProc@@UEAAXXZ 00000001800115b0 f i BerconTile.obj
 0001:000105b0       ?DeleteThis@BerconCurveDlgProc@@UEAAXXZ 00000001800115b0 f i BerconWood.obj
 0001:000105b0       ?DeleteThis@BerconXYZDlgProc@@UEAAXXZ 00000001800115b0 f i BerconDistortion.obj
 0001:00010600       ?DiffuseIllum@BerconSC@@UEAA?AVColor@@XZ 0000000180011600 f i BerconDistortion.obj
 0001:00010640       ?DiscardTexHandle@BerconDistortion@@QEAAXXZ 0000000180011640 f i BerconDistortion.obj
 0001:00010690       ?DlgProc@BerconXYZDlgProc@@UEAA_JHPEAVIParamMap2@@PEAUHWND__@@I_K_J@Z 0000000180011690 f i BerconDistortion.obj
 0001:00010c80       ?DrawRepresentation@ClassDesc@@UEAA_NKPEAUHDC__@@AEAVBox2@@@Z 0000000180011c80 f i BerconDistortion.obj
 0001:00010ca0       ?EvalColor@BerconDistortion@@UEAA?AVAColor@@AEAVShadeContext@@@Z 0000000180011ca0 f   BerconDistortion.obj
 0001:00010e90       ?EvalEnvironMap@BerconSC@@UEAA?AVAColor@@PEAVTexmap@@VPoint3@@@Z 0000000180011e90 f i BerconDistortion.obj
 0001:00010f20       ?EvalGlobalEnvironMap@BerconSC@@UEAA?AVAColor@@VPoint3@@@Z 0000000180011f20 f i BerconDistortion.obj
 0001:00010fa0       ?EvalGlobalEnvironMap@ShadeContext@@UEAA?AVAColor@@VPoint3@@@Z 0000000180011fa0 f i BerconDistortion.obj
 0001:00010fe0       ?EvalMono@BerconDistortion@@UEAAMAEAVShadeContext@@@Z 0000000180011fe0 f   BerconDistortion.obj
 0001:000111b0       ?EvalNormalPerturb@BerconDistortion@@UEAA?AVPoint3@@AEAVShadeContext@@@Z 00000001800121b0 f   BerconDistortion.obj
 0001:000113a0       ?Execute@BerconSC@@UEAA_JH_K00@Z 00000001800123a0 f i BerconDistortion.obj
 0001:00011400       ?FaceNumber@BerconSC@@UEAAHXZ 0000000180012400 f i BerconDistortion.obj
 0001:00011430       ??$destroy@PEA_W@?$allocator@_W@std@@QEAAXPEAPEA_W@Z 0000000180012430 f i BerconTile.obj
 0001:00011430       ?SetParamBlock@ParamMap2UserDlgProc@@UEAAXPEAVIParamBlock2@@@Z 0000000180012430 f i BerconDistortion.obj
 0001:00011430       ??$destroy@U_Container_proxy@std@@@?$allocator@U_Container_proxy@std@@@std@@QEAAXPEAU_Container_proxy@1@@Z 0000000180012430 f i BerconTile.obj
 0001:00011430       ??3@YAXPEAX0@Z             0000000180012430 f i tile.obj
 0001:00011430       ?__global_delete@@YAXPEAX_K@Z 0000000180012430 f i DllEntry.obj
 0001:00011430       ?FlagKey@Animatable@@UEAAXVTrackHitRecord@@@Z 0000000180012430 f i BerconDistortion.obj
 0001:00011430       ?__empty_global_delete@@YAXPEAX_K@Z 0000000180012430 f i DllEntry.obj
 0001:00011430       ?EditClassParams@ClassDesc@@UEAAXPEAUHWND__@@@Z 0000000180012430 f i BerconDistortion.obj
 0001:00011430       ?SetNormal@ShadeContext@@UEAAXVPoint3@@@Z 0000000180012430 f i BerconDistortion.obj
 0001:00011430       ?SetThing@ParamMap2UserDlgProc@@UEAAXPEAVReferenceTarget@@@Z 0000000180012430 f i BerconDistortion.obj
 0001:00011430       ?TossCache@ShadeContext@@UEAAXPEAVTexmap@@@Z 0000000180012430 f i BerconDistortion.obj
 0001:00011430       ?RefAddedUndoRedo@ReferenceTarget@@UEAAXPEAVReferenceMaker@@@Z 0000000180012430 f i BerconDistortion.obj
 0001:00011440       ?GNormal@BerconSC@@UEAA?AVPoint3@@XZ 0000000180012440 f i BerconDistortion.obj
 0001:00011480       ?GetActiveTexHandle@BerconDistortion@@UEAA_KHAEAVTexHandleMaker@@@Z 0000000180012480 f   BerconDistortion.obj
 0001:00011590       ?GetBGColor@BerconSC@@UEAAXAEAVColor@@0H@Z 0000000180012590 f i BerconDistortion.obj
 0001:000115e0       ?GetBerconDistortionDesc@@YAPEAVClassDesc2@@XZ 00000001800125e0 f   BerconDistortion.obj
 0001:000115f0       ?GetCache@BerconSC@@UEAAHPEAVTexmap@@AEAM@Z 00000001800125f0 f i BerconDistortion.obj
 0001:00011640       ?GetCache@BerconSC@@UEAAHPEAVTexmap@@AEAVAColor@@@Z 0000000180012640 f i BerconDistortion.obj
 0001:00011690       ?GetCache@BerconSC@@UEAAHPEAVTexmap@@AEAVPoint3@@@Z 0000000180012690 f i BerconDistortion.obj
 0001:000116e0       ?GetCache@ShadeContext@@UEAAHPEAVTexmap@@AEAM@Z 00000001800126e0 f i BerconDistortion.obj
 0001:000116e0       ?SetCustomImageList@ResourceMakerCallback@@UEAAHAEAPEAU_IMAGELIST@@PEAVICurveCtl@@@Z 00000001800126e0 f i BerconGradient.obj
 0001:000116e0       ?GetCache@ShadeContext@@UEAAHPEAVTexmap@@AEAVPoint3@@@Z 00000001800126e0 f i BerconDistortion.obj
 0001:000116e0       ?CreateManipulator@ClassDesc@@UEAAPEAVManipulator@@PEAVReferenceTarget@@PEAVINode@@@Z 00000001800126e0 f i BerconDistortion.obj
 0001:000116e0       ?GetCache@ShadeContext@@UEAAHPEAVTexmap@@AEAVAColor@@@Z 00000001800126e0 f i BerconDistortion.obj
 0001:00011700       ?GetClassName@BerconDistortion@@UEAAXAEAVWStr@@@Z 0000000180012700 f i BerconDistortion.obj
 0001:00011730       ?GetEvalObject@BerconSC@@UEAAPEAVObject@@XZ 0000000180012730 f i BerconDistortion.obj
 0001:00011760       ?SetSelKeyCoordsExpr@Animatable@@UEAAHPEAVParamDimension@@PEB_W1K@Z 0000000180012760 f i BerconDistortion.obj
 0001:00011760       ?PaintFCurves@Animatable@@UEAAHPEAVParamDimensionBase@@PEAUHDC__@@AEAVBox2@@2MHMHK@Z 0000000180012760 f i BerconDistortion.obj
 0001:00011760       ?GetFCurveExtents@Animatable@@UEAAHPEAVParamDimensionBase@@AEAM1K@Z 0000000180012760 f i BerconDistortion.obj
 0001:00011780       ?GetIOR@BerconSC@@UEAAMXZ  0000000180012780 f i BerconDistortion.obj
 0001:000117b0       ?GetInterface@MtlBase@@UEAAPEAVBaseInterface@@VInterface_ID@@@Z 00000001800127b0 f i BerconDistortion.obj
 0001:000117f0       ?GetInterfaceAt@ClassDesc@@UEAAPEAVFPInterface@@H@Z 00000001800127f0 f i BerconDistortion.obj
 0001:00011820       ?GetKeyIndex@Animatable@@UEAAHH@Z 0000000180012820 f i BerconDistortion.obj
 0001:00011830       ?CanPasteTrack@Animatable@@UEAAHPEAVTrackClipObject@@VInterval@@K@Z 0000000180012830 f i BerconDistortion.obj
 0001:00011830       ?GetKeySelState@Animatable@@UEAAHAEAVBitArray@@VInterval@@K@Z 0000000180012830 f i BerconDistortion.obj
 0001:00011830       ?NotifyDependents@ReferenceMaker@@EEAA?AW4RefResult@@AEBVInterval@@_KIKHPEAVReferenceTarget@@@Z 0000000180012830 f i BerconDistortion.obj
 0001:00011830       ?GetKeyTimes@Animatable@@UEAAHAEAV?$Tab@H@@VInterval@@K@Z 0000000180012830 f i BerconDistortion.obj
 0001:00011850       ?GetMacroRecorderName@Animatable@@UEAA_N_NAEAVWStr@@@Z 0000000180012850 f i BerconDistortion.obj
 0001:00011870       ?GetNSuperSample@BerconSC@@UEAAHXZ 0000000180012870 f i BerconDistortion.obj
 0001:000118a0       ?GetNextKeyTime@Animatable@@UEAAHHKAEAH@Z 00000001800128a0 f i BerconDistortion.obj
 0001:000118c0       ?GetParamBlock@BerconDistortion@@UEAAPEAVIParamBlock2@@H@Z 00000001800128c0 f i BerconDistortion.obj
 0001:00011900       ?GetParamBlockByID@BerconDistortion@@UEAAPEAVIParamBlock2@@F@Z 0000000180012900 f i BerconDistortion.obj
 0001:00011970       ?GetParamDimension@Animatable@@UEAAPEAVParamDimension@@H@Z 0000000180012970 f i BerconDistortion.obj
 0001:00011990       ?GetRefTarget@MtlBase@@UEAAPEAVReferenceTarget@@XZ 0000000180012990 f i BerconDistortion.obj
 0001:000119a0       ?GetRenderElement@BerconSC@@UEAAPEAVIRenderElement@@H@Z 00000001800129a0 f i BerconDistortion.obj
 0001:000119e0       ?GetRenderElement@RenderGlobalContext@@QEAAPEAVIRenderElement@@H@Z 00000001800129e0 f i BerconDistortion.obj
 0001:00011a40       ?GetRenderElement@ShadeContext@@UEAAPEAVIRenderElement@@H@Z 0000000180012a40 f i BerconDistortion.obj
 0001:00011a90       ?GetSampleSizeScale@BerconSC@@UEAAMXZ 0000000180012a90 f i BerconDistortion.obj
 0001:00011ac0       ?GetIOR@ShadeContext@@UEAAMXZ 0000000180012ac0 f i BerconDistortion.obj
 0001:00011ac0       ?GetSampleSizeScale@ShadeContext@@UEAAMXZ 0000000180012ac0 f i BerconDistortion.obj
 0001:00011ad0       ?GetSelKeyCoords@Animatable@@UEAAHAEAHAEAMK@Z 0000000180012ad0 f i BerconDistortion.obj
 0001:00011af0       ?GetSubAnimCurveColor@Animatable@@UEAAKH@Z 0000000180012af0 f i BerconDistortion.obj
 0001:00011b00       ?GetToolTip@ResourceMakerCallback@@UEAAHHAEAVWStr@@PEAVICurveCtl@@@Z 0000000180012b00 f i BerconGradient.obj
 0001:00011b00       ?Execute@ICustomControl@@UEAA_JH_K00@Z 0000000180012b00 f i BerconGradient.obj
 0001:00011b00       ?Execute@IGradient@@UEAA_JH_K00@Z 0000000180012b00 f i BerconGradient.obj
 0001:00011b00       ?CanPasteSubTrack@Animatable@@UEAAHHPEAVTrackClipObject@@VInterval@@K@Z 0000000180012b00 f i BerconDistortion.obj
 0001:00011b00       ?GetSubFCurveExtents@Animatable@@UEAAHHPEAVParamDimensionBase@@AEAM1K@Z 0000000180012b00 f i BerconDistortion.obj
 0001:00011b00       ?PaintSubFCurves@Animatable@@UEAAHHPEAVParamDimensionBase@@PEAUHDC__@@AEAVBox2@@2MHMHK@Z 0000000180012b00 f i BerconDistortion.obj
 0001:00011b00       ?Execute@ShadeContext@@UEAA_JH_K00@Z 0000000180012b00 f i BerconDistortion.obj
 0001:00011b00       ?Execute@ClassDesc@@UEAA_JH_K00@Z 0000000180012b00 f i BerconDistortion.obj
 0001:00011b20       ?GetSubTexmap@BerconDistortion@@UEAAPEAVTexmap@@H@Z 0000000180012b20 f i BerconDistortion.obj
 0001:00011b40       ?GetSubTexmapSlotName@BerconDistortion@@UEAA?AVWStr@@H@Z 0000000180012b40 f   BerconDistortion.obj
 0001:00011c30       ?GetTextureTiling@Texmap@@UEAAHXZ 0000000180012c30 f i BerconDistortion.obj
 0001:00011c30       ?NumSubTexmaps@BerconDistortion@@UEAAHXZ 0000000180012c30 f i BerconDistortion.obj
 0001:00011c30       ?NumParamBlocks@BerconTile@@UEAAHXZ 0000000180012c30 f i BerconTile.obj
 0001:00011c30       ?NumParamBlocks@BerconGradient@@UEAAHXZ 0000000180012c30 f i BerconGradient.obj
 0001:00011c40       ?GetUVTransform@Texmap@@UEAAXAEAVMatrix3@@@Z 0000000180012c40 f i BerconDistortion.obj
 0001:00011c60       ?HitTestFCurves@Animatable@@UEAAHPEAVParamDimensionBase@@AEAV?$Tab@VTrackHitRecord@@@@AEAVBox2@@2MHMHK@Z 0000000180012c60 f i BerconDistortion.obj
 0001:00011c80       ?HitTestSubFCurves@Animatable@@UEAAHHPEAVParamDimensionBase@@AEAV?$Tab@VTrackHitRecord@@@@AEAVBox2@@2MHMHK@Z 0000000180012c80 f i BerconDistortion.obj
 0001:00011ca0       ?InMtlEditor@BerconSC@@UEAAHXZ 0000000180012ca0 f i BerconDistortion.obj
 0001:00011cd0       ?InitSlotType@Texmap@@UEAAXH@Z 0000000180012cd0 f i BerconDistortion.obj
 0001:00011cf0       ?InitialRollupPageState@ClassDesc@@UEAAKXZ 0000000180012cf0 f i BerconDistortion.obj
 0001:00011d00       ?InsertTime@Animatable@@UEAAXHH@Z 0000000180012d00 f i BerconDistortion.obj
 0001:00011d00       ?SelectSubCurve@Animatable@@UEAAXHH@Z 0000000180012d00 f i BerconDistortion.obj
 0001:00011d00       ?SelectKeyByIndex@Animatable@@UEAAXHH@Z 0000000180012d00 f i BerconDistortion.obj
 0001:00011d00       ?AddNewKey@Animatable@@UEAAXHK@Z 0000000180012d00 f i BerconDistortion.obj
 0001:00011d10       ?InternalName@BerconDistortionClassDesc@@UEAAPEB_WXZ 0000000180012d10 f i BerconDistortion.obj
 0001:00011d20       ?RenderBegin@Animatable@@UEAAHHK@Z 0000000180012d20 f i BerconDistortion.obj
 0001:00011d20       ?IsKeyAtTime@Animatable@@UEAAHHK@Z 0000000180012d20 f i BerconDistortion.obj
 0001:00011d40       ?IsLocalOutputMeaningful@Texmap@@UEAA_NAEAVShadeContext@@@Z 0000000180012d40 f i BerconDistortion.obj
 0001:00011d50       ?IsParamBlockDesc2Used@Animatable@@UEAA_NPEAVParamBlockDesc2@@@Z 0000000180012d50 f i BerconDistortion.obj
 0001:00011d60       ?IsRealDependency@ReferenceMaker@@UEAAHPEAVReferenceTarget@@@Z 0000000180012d60 f i BerconDistortion.obj
 0001:00011d60       ?OkToCreate@ClassDesc@@UEAAHPEAVInterface@@@Z 0000000180012d60 f i BerconDistortion.obj
 0001:00011d70       ?IsSubClassOf@Animatable@@UEAAHVClass_ID@@@Z 0000000180012d70 f i BerconDistortion.obj
 0001:00011db0       ?IsSuperSampleOn@BerconSC@@UEAAHXZ 0000000180012db0 f i BerconDistortion.obj
 0001:00011de0       ?IsTextureSuperSampleOn@BerconSC@@UEAAHXZ 0000000180012de0 f i BerconDistortion.obj
 0001:00011e10       ?Light@BerconSC@@UEAAPEAVLightDesc@@H@Z 0000000180012e10 f i BerconDistortion.obj
 0001:00011e50       ?LocalRequirements@BerconDistortion@@UEAAKH@Z 0000000180012e50 f i BerconDistortion.obj
 0001:00011e80       ?MapSlotType@Texmap@@UEAAHH@Z 0000000180012e80 f i BerconDistortion.obj
 0001:00011ea0       ?MappingsRequired@BerconDistortion@@UEAAXHAEAVBitArray@@0@Z 0000000180012ea0 f i BerconDistortion.obj
 0001:00011ee0       ?MoveKeys@Animatable@@UEAAXPEAVParamDimensionBase@@MK@Z 0000000180012ee0 f i BerconDistortion.obj
 0001:00011f00       ?NRenderElements@BerconSC@@UEAAHXZ 0000000180012f00 f i BerconDistortion.obj
 0001:00011f30       ?NRenderElements@RenderGlobalContext@@QEAAHXZ 0000000180012f30 f i BerconDistortion.obj
 0001:00011f80       ?NRenderElements@ShadeContext@@UEAAHXZ 0000000180012f80 f i BerconDistortion.obj
 0001:00011fc0       ?Node@BerconSC@@UEAAPEAVINode@@XZ 0000000180012fc0 f i BerconDistortion.obj
 0001:00011ff0       ?NodeID@BerconSC@@UEAAHXZ  0000000180012ff0 f i BerconDistortion.obj
 0001:00012020       ?Normal@BerconSC@@UEAA?AVPoint3@@XZ 0000000180013020 f i BerconDistortion.obj
 0001:00012060       ?NotifyForeground@ReferenceTarget@@UEAAXH@Z 0000000180013060 f i BerconDistortion.obj
 0001:000120e0       ?NotifyRefChanged@BerconDistortion@@UEAA?AW4RefResult@@AEBVInterval@@PEAVReferenceTarget@@AEA_KIH@Z 00000001800130e0 f   BerconDistortion.obj
 0001:00012190       ?NumInterfaces@ClassDesc@@UEAAHXZ 0000000180013190 f i BerconDistortion.obj
 0001:000121b0       ?NodeID@ShadeContext@@UEAAHXZ 00000001800131b0 f i BerconDistortion.obj
 0001:000121b0       ?GetFlagKeyIndex@Animatable@@UEAAHXZ 00000001800131b0 f i BerconDistortion.obj
 0001:000121b0       ?NumKeys@Animatable@@UEAAHXZ 00000001800131b0 f i BerconDistortion.obj
 0001:000121c0       ?NumParamBlocks@BerconDistortion@@UEAAHXZ 00000001800131c0 f i BerconDistortion.obj
 0001:000121d0       ?NumSubs@BerconDistortion@@UEAAHXZ 00000001800131d0 f i BerconDistortion.obj
 0001:000121d0       ?NumRefs@BerconDistortion@@UEAAHXZ 00000001800131d0 f i BerconDistortion.obj
 0001:000121e0       ?ObjectBox@BerconSC@@UEAA?AVBox3@@XZ 00000001800131e0 f i BerconDistortion.obj
 0001:00012220       ?OrigNormal@BerconSC@@UEAA?AVPoint3@@XZ 0000000180013220 f i BerconDistortion.obj
 0001:00012260       ?OrigNormal@ShadeContext@@UEAA?AVPoint3@@XZ 0000000180013260 f i BerconDistortion.obj
 0001:00012290       ?OrigView@BerconSC@@UEAA?AVPoint3@@XZ 0000000180013290 f i BerconDistortion.obj
 0001:000122d0       ?OrigView@ShadeContext@@UEAA?AVPoint3@@XZ 00000001800132d0 f i BerconDistortion.obj
 0001:00012300       ?P@BerconSC@@UEAA?AVPoint3@@XZ 0000000180013300 f i BerconDistortion.obj
 0001:00012390       ?PObj@BerconSC@@UEAA?AVPoint3@@XZ 0000000180013390 f i BerconDistortion.obj
 0001:00012420       ?PObjRelBox@BerconSC@@UEAA?AVPoint3@@XZ 0000000180013420 f i BerconDistortion.obj
 0001:00012460       ?PaintSubTrack@Animatable@@UEAAHHPEAVParamDimensionBase@@PEAUHDC__@@AEAVBox2@@2MHK@Z 0000000180013460 f i BerconDistortion.obj
 0001:00012480       ?PaintTrack@Animatable@@UEAAHPEAVParamDimensionBase@@PEAUHDC__@@AEAVBox2@@2MHK@Z 0000000180013480 f i BerconDistortion.obj
 0001:00012480       ?HitTestTrack@Animatable@@UEAAHAEAV?$Tab@VTrackHitRecord@@@@AEAVBox2@@1MHK@Z 0000000180013480 f i BerconDistortion.obj
 0001:000124a0       ?SetupGfxMultiMaps@MtlBase@@UEAAXHPEAVMaterial@@AEAVMtlMakerCallback@@@Z 00000001800134a0 f i BerconDistortion.obj
 0001:000124a0       ?EditTrackParams@Animatable@@UEAAXHPEAVParamDimensionBase@@PEB_WPEAUHWND__@@PEAVIObjParam@@K@Z 00000001800134a0 f i BerconDistortion.obj
 0001:000124a0       ?LocalMappingsRequired@MtlBase@@UEAAXHAEAVBitArray@@0@Z 00000001800134a0 f i BerconDistortion.obj
 0001:000124a0       ?PasteSubTrack@Animatable@@UEAAXHPEAVTrackClipObject@@VInterval@@K@Z 00000001800134a0 f i BerconDistortion.obj
 0001:000124c0       ?PasteTrack@Animatable@@UEAAXPEAVTrackClipObject@@VInterval@@K@Z 00000001800134c0 f i BerconDistortion.obj
 0001:000124e0       ?PointFrom@BerconSC@@UEAA?AVPoint3@@AEBV2@W4RefFrame@@@Z 00000001800134e0 f i BerconDistortion.obj
 0001:00012540       ?PointTo@BerconSC@@UEAA?AVPoint3@@AEBV2@W4RefFrame@@@Z 0000000180013540 f i BerconDistortion.obj
 0001:000125a0       ?ProjType@BerconSC@@UEAAHXZ 00000001800135a0 f i BerconDistortion.obj
 0001:000125d0       ?PutCache@BerconSC@@UEAAXPEAVTexmap@@AEBVAColor@@@Z 00000001800135d0 f i BerconDistortion.obj
 0001:00012620       ?PutCache@BerconSC@@UEAAXPEAVTexmap@@AEBVPoint3@@@Z 0000000180013620 f i BerconDistortion.obj
 0001:00012670       ?PutCache@BerconSC@@UEAAXPEAVTexmap@@M@Z 0000000180013670 f i BerconDistortion.obj
 0001:000126c0       ?PutCache@ShadeContext@@UEAAXPEAVTexmap@@AEBVAColor@@@Z 00000001800136c0 f i BerconDistortion.obj
 0001:000126c0       ?PutCache@ShadeContext@@UEAAXPEAVTexmap@@AEBVPoint3@@@Z 00000001800136c0 f i BerconDistortion.obj
 0001:000126c0       ?DP@ShadeContext@@UEAAXAEAVPoint3@@0@Z 00000001800136c0 f i BerconDistortion.obj
 0001:000126d0       ?ScaleTime@Animatable@@UEAAXVInterval@@M@Z 00000001800136d0 f i BerconDistortion.obj
 0001:000126d0       ?PutCache@ShadeContext@@UEAAXPEAVTexmap@@M@Z 00000001800136d0 f i BerconDistortion.obj
 0001:000126f0       ?RayConeAngle@BerconSC@@UEAAMXZ 00000001800136f0 f i BerconDistortion.obj
 0001:00012720       ?RayDiam@BerconSC@@UEAAMXZ 0000000180013720 f i BerconDistortion.obj
 0001:00012750       ?RayDiam@ShadeContext@@UEAAMXZ 0000000180013750 f i BerconDistortion.obj
 0001:00012780       ?ReflectVector@BerconSC@@UEAA?AVPoint3@@XZ 0000000180013780 f i BerconDistortion.obj
 0001:000127c0       ?RefractVector@BerconSC@@UEAA?AVPoint3@@M@Z 00000001800137c0 f i BerconDistortion.obj
 0001:00012810       ?Reset@BerconDistortion@@UEAAXXZ 0000000180013810 f   BerconDistortion.obj
 0001:000128b0       ?ScaleKeyValues@Animatable@@UEAAXPEAVParamDimensionBase@@MMK@Z 00000001800138b0 f i BerconDistortion.obj
 0001:000128d0       ?ScreenCoord@BerconSC@@UEAA?AVIPoint2@@XZ 00000001800138d0 f i BerconDistortion.obj
 0001:00012910       ?ScreenUV@BerconSC@@UEAAXAEAVPoint2@@0@Z 0000000180013910 f i BerconDistortion.obj
 0001:00012990       ?SelectKeys@Animatable@@UEAAXAEAV?$Tab@VTrackHitRecord@@@@K@Z 0000000180013990 f i BerconDistortion.obj
 0001:00012990       ?GetSystemNodes@Animatable@@UEAAXAEAVINodeTab@@W4SysNodeContext@@@Z 0000000180013990 f i BerconDistortion.obj
 0001:00012990       ?ReverseTime@Animatable@@UEAAXVInterval@@K@Z 0000000180013990 f i BerconDistortion.obj
 0001:00012990       ?DeleteTime@Animatable@@UEAAXVInterval@@K@Z 0000000180013990 f i BerconDistortion.obj
 0001:00012990       ?EditTimeRange@Animatable@@UEAAXVInterval@@K@Z 0000000180013990 f i BerconDistortion.obj
 0001:000129a0       ?SelectSubKeys@Animatable@@UEAAXHAEAV?$Tab@VTrackHitRecord@@@@K@Z 00000001800139a0 f i BerconDistortion.obj
 0001:000129c0       ?Set@BitArray@@QEAAXH@Z    00000001800139c0 f i BerconDistortion.obj
 0001:00012a80       ?SetGBufferID@BerconSC@@UEAAXH@Z 0000000180013a80 f i BerconDistortion.obj
 0001:00012ac0       ?SetGBufferID@ShadeContext@@UEAAXH@Z 0000000180013ac0 f i BerconDistortion.obj
 0001:00012ae0       ?SetIOR@BerconSC@@UEAAXM@Z 0000000180013ae0 f i BerconDistortion.obj
 0001:00012b20       ?SetIOR@ShadeContext@@UEAAXM@Z 0000000180013b20 f i BerconDistortion.obj
 0001:00012b30       ?SetInfinite@Interval@@QEAAXXZ 0000000180013b30 f i BerconDistortion.obj
 0001:00012b50       ?SetNormal@BerconSC@@UEAAXVPoint3@@@Z 0000000180013b50 f i BerconDistortion.obj
 0001:00012bc0       ?SetOutputLevel@Texmap@@UEAAXHM@Z 0000000180013bc0 f i BerconDistortion.obj
 0001:00012bd0       ?SetReference@BerconDistortion@@UEAAXHPEAVReferenceTarget@@@Z 0000000180013bd0 f   BerconDistortion.obj
 0001:00012c40       ?SetSelKeyCoords@Animatable@@UEAAXHMK@Z 0000000180013c40 f i BerconDistortion.obj
 0001:00012c60       ?SetSubTexmap@BerconDistortion@@UEAAXHPEAVTexmap@@@Z 0000000180013c60 f   BerconDistortion.obj
 0001:00012d30       ?SetThing@BerconXYZDlgProc@@UEAAXPEAVReferenceTarget@@@Z 0000000180013d30 f i BerconDistortion.obj
 0001:00012d50       ?SetUserDlgProc@ClassDesc2@@UEAA_NPEAVParamBlockDesc2@@PEAVParamMap2UserDlgProc@@@Z 0000000180013d50 f i BerconDistortion.obj
 0001:00012d80       ?SetUserDlgProc@ParamBlockDesc2@@QEAAXPEAVParamMap2UserDlgProc@@@Z 0000000180013d80 f i BerconDistortion.obj
 0001:00012db0       ?SetView@BerconSC@@UEAAXVPoint3@@@Z 0000000180013db0 f i BerconDistortion.obj
 0001:00012e20       ?GetReference@BerconDistortion@@UEAAPEAVReferenceTarget@@H@Z 0000000180013e20 f   BerconDistortion.obj
 0001:00012e20       ?SubAnim@BerconDistortion@@UEAAPEAVAnimatable@@H@Z 0000000180013e20 f   BerconDistortion.obj
 0001:00012e80       ?SubAnimName@BerconDistortion@@UEAA?AVWStr@@H@Z 0000000180013e80 f   BerconDistortion.obj
 0001:00012f50       ?SubClassID@ClassDesc@@UEAA?AVClass_ID@@XZ 0000000180013f50 f i BerconDistortion.obj
 0001:00012f80       ?SurfacePtScreen@BerconSC@@UEAA?AVPoint2@@XZ 0000000180013f80 f i BerconDistortion.obj
 0001:00012fc0       ?SurfacePtScreen@ShadeContext@@UEAA?AVPoint2@@XZ 0000000180013fc0 f i BerconDistortion.obj
 0001:00012ff0       ?TossCache@BerconSC@@UEAAXPEAVTexmap@@@Z 0000000180013ff0 f i BerconDistortion.obj
 0001:00013030       ?TrackViewWinProc@Animatable@@UEAA_JPEAUHWND__@@I_K_J@Z 0000000180014030 f i BerconDistortion.obj
 0001:00013050       ?UVW@BerconSC@@UEAA?AVPoint3@@H@Z 0000000180014050 f i BerconDistortion.obj
 0001:000131c0       ?UVWNormal@BerconSC@@UEAA?AVPoint3@@H@Z 00000001800141c0 f i BerconDistortion.obj
 0001:00013210       ?UVWNormal@ShadeContext@@UEAA?AVPoint3@@H@Z 0000000180014210 f i BerconDistortion.obj
 0001:00013250       ?Update@BerconDistortion@@UEAAXHAEAVInterval@@@Z 0000000180014250 f   BerconDistortion.obj
 0001:000134a0       ?Update@ParamMap2UserDlgProc@@UEAAXHAEAVInterval@@PEAVIParamMap2@@@Z 00000001800144a0 f i BerconDistortion.obj
 0001:000134d0       ?UseLocalBits@BitArray@@AEBA_NXZ 00000001800144d0 f i BerconDistortion.obj
 0001:00013500       ?UseOnlyInternalNameForMAXScriptExposure@ClassDesc@@UEAA_NXZ 0000000180014500 f i BerconDistortion.obj
 0001:00013510       ?V@BerconSC@@UEAA?AVPoint3@@XZ 0000000180014510 f i BerconDistortion.obj
 0001:00013550       ?Validity@BerconDistortion@@UEAA?AVInterval@@H@Z 0000000180014550 f   BerconDistortion.obj
 0001:000135d0       ?VectorFrom@BerconSC@@UEAA?AVPoint3@@AEBV2@W4RefFrame@@@Z 00000001800145d0 f i BerconDistortion.obj
 0001:00013630       ?VectorFromNoScale@BerconSC@@UEAA?AVPoint3@@AEBV2@W4RefFrame@@@Z 0000000180014630 f i BerconDistortion.obj
 0001:00013690       ?VectorTo@BerconSC@@UEAA?AVPoint3@@AEBV2@W4RefFrame@@@Z 0000000180014690 f i BerconDistortion.obj
 0001:000136f0       ?VectorToNoScale@BerconSC@@UEAA?AVPoint3@@AEBV2@W4RefFrame@@@Z 00000001800146f0 f i BerconDistortion.obj
 0001:00013750       ?What@TabOutOfRangeException@Util@MaxSDK@@UEBAPEB_WXZ 0000000180014750 f i BerconDistortion.obj
 0001:00013790       ?ZeroCount@?$Tab@PEAVFPInterface@@@@QEAAXXZ 0000000180014790 f i BerconDistortion.obj
 0001:000137b0       ?__autoclassinit2@BerconTileDlgProc@@QEAAX_K@Z 00000001800147b0 f i BerconTile.obj
 0001:000137b0       ?__autoclassinit2@TileParam@@QEAAX_K@Z 00000001800147b0 f i BerconTile.obj
 0001:000137b0       ?__autoclassinit2@BerconWood@@QEAAX_K@Z 00000001800147b0 f i BerconWood.obj
 0001:000137b0       ?__autoclassinit2@?$vector@V?$basic_string@_WU?$char_traits@_W@std@@V?$allocator@_W@2@@std@@V?$allocator@V?$basic_string@_WU?$char_traits@_W@std@@V?$allocator@_W@2@@std@@@2@@std@@QEAAX_K@Z 00000001800147b0 f i tile.obj
 0001:000137b0       ?__autoclassinit2@BerconDistortionClassDesc@@QEAAX_K@Z 00000001800147b0 f i BerconDistortion.obj
 0001:000137b0       ?__autoclassinit2@BitArray@@QEAAX_K@Z 00000001800147b0 f i curvectrl.obj
 0001:000137b0       ?__autoclassinit2@BerconNoiseClassDesc@@QEAAX_K@Z 00000001800147b0 f i BerconNoise.obj
 0001:000137b0       ?__autoclassinit2@BerconWoodDlgProc@@QEAAX_K@Z 00000001800147b0 f i BerconWood.obj
 0001:000137b0       ?__autoclassinit2@BerconGradientDlgProc@@QEAAX_K@Z 00000001800147b0 f i BerconGradient.obj
 0001:000137b0       ?__autoclassinit2@BerconGradient@@QEAAX_K@Z 00000001800147b0 f i BerconGradient.obj
 0001:000137b0       ?__autoclassinit2@GradientRamp@@QEAAX_K@Z 00000001800147b0 f i BerconGradient.obj
 0001:000137b0       ?__autoclassinit2@BerconXYZDlgProc@@QEAAX_K@Z 00000001800147b0 f i BerconDistortion.obj
 0001:000137b0       ?__autoclassinit2@BerconNoiseDlgProc@@QEAAX_K@Z 00000001800147b0 f i BerconNoise.obj
 0001:000137b0       ?__autoclassinit2@BerconSC@@QEAAX_K@Z 00000001800147b0 f i BerconTile.obj
 0001:000137b0       ?__autoclassinit2@BerconGradientClassDesc@@QEAAX_K@Z 00000001800147b0 f i BerconGradient.obj
 0001:000137b0       ?__autoclassinit2@TileRow@@QEAAX_K@Z 00000001800147b0 f i tile.obj
 0001:000137b0       ?__autoclassinit2@IGradient@@QEAAX_K@Z 00000001800147b0 f i BerconGradient.obj
 0001:000137b0       ?__autoclassinit2@BerconWoodClassDesc@@QEAAX_K@Z 00000001800147b0 f i BerconWood.obj
 0001:000137b0       ?__autoclassinit2@BerconTile@@QEAAX_K@Z 00000001800147b0 f i BerconTile.obj
 0001:000137b0       ?__autoclassinit2@BerconCurveDlgProc@@QEAAX_K@Z 00000001800147b0 f i BerconWood.obj
 0001:000137b0       ?__autoclassinit2@BerconDistortion@@QEAAX_K@Z 00000001800147b0 f i BerconDistortion.obj
 0001:000137b0       ?__autoclassinit2@ParamBlockDesc2@@QEAAX_K@Z 00000001800147b0 f i BerconDistortion.obj
 0001:000137b0       ?__autoclassinit2@XYZ_Desc@@QEAAX_K@Z 00000001800147b0 f i BerconDistortion.obj
 0001:000137b0       ?__autoclassinit2@BerconTileClassDesc@@QEAAX_K@Z 00000001800147b0 f i BerconTile.obj
 0001:000137b0       ?__autoclassinit2@BerconCurveDlgProcNOISE@@QEAAX_K@Z 00000001800147b0 f i BerconNoise.obj
 0001:000137b0       ?__autoclassinit2@BerconNoise@@QEAAX_K@Z 00000001800147b0 f i BerconNoise.obj
 0001:000137b0       ?__autoclassinit2@?$basic_stringstream@_WU?$char_traits@_W@std@@V?$allocator@_W@2@@std@@QEAAX_K@Z 00000001800147b0 f i tile.obj
 0001:000137b0       ?__autoclassinit2@BerconCurveDlgProcGRADIENT@@QEAAX_K@Z 00000001800147b0 f i BerconGradient.obj
 0001:000137d0       ?chan@BerconXYZ@@QEAAHXZ   00000001800147d0 f i BerconDistortion.obj
 0001:000137e0       ?getDistVector@BerconDistortion@@QEAA?AVPoint3@@AEAVShadeContext@@@Z 00000001800147e0 f   BerconDistortion.obj
 0001:00013950       ?map@BerconXYZ@@QEAAXHAEAVBitArray@@0@Z 0000000180014950 f i BerconDistortion.obj
 0001:000139a0       ?req@BerconXYZ@@QEAAKXZ    00000001800149a0 f i BerconDistortion.obj
 0001:000139d0       ?setParams@BerconSC@@QEAAXVPoint3@@HH@Z 00000001800149d0 f i BerconDistortion.obj
 0001:00013a20       ?type@BerconXYZ@@QEAAHXZ   0000000180014a20 f i BerconDistortion.obj
 0001:00013a30       ??$DLSetWindowLongPtr@H@@YAHPEAUHWND__@@HH@Z 0000000180014a30 f i BerconGradient.obj
 0001:00013a60       ??$DLSetWindowLongPtr@PEAVIGradient@@@@YAPEAVIGradient@@PEAUHWND__@@PEAV0@H@Z 0000000180014a60 f i BerconGradient.obj
 0001:00013a90       ??0BerconCurveDlgProcGRADIENT@@QEAA@PEAVBerconGradient@@@Z 0000000180014a90 f i BerconGradient.obj
 0001:00013ae0       ??0BerconGradient@@QEAA@XZ 0000000180014ae0 f   BerconGradient.obj
 0001:00013d10       ??0BerconGradientClassDesc@@QEAA@XZ 0000000180014d10 f i BerconGradient.obj
 0001:00013d50       ??0BerconGradientDlgProc@@QEAA@PEAVBerconGradient@@@Z 0000000180014d50 f i BerconGradient.obj
 0001:00013db0       ??0Color@@QEAA@MMM@Z       0000000180014db0 f i BerconGradient.obj
 0001:00013e00       ??0Color@@QEAA@NNN@Z       0000000180014e00 f i BerconGradient.obj
 0001:00013e50       ??0GradientMap@@QEAA@XZ    0000000180014e50 f i BerconGradient.obj
 0001:00013e70       ??0GradientRamp@@QEAA@PEAVGradientMap@@@Z 0000000180014e70 f i BerconGradient.obj
 0001:00013f10       ??0ICustomControl@@QEAA@XZ 0000000180014f10 f i BerconGradient.obj
 0001:00013f50       ??0IGradient@@QEAA@PEAUHWND__@@PEAVGradientRamp@@@Z 0000000180014f50 f i BerconGradient.obj
 0001:00013ff0       ??0ResourceMakerCallback@@QEAA@XZ 0000000180014ff0 f i BerconGradient.obj
 0001:00014010       ??1BerconCurveDlgProcGRADIENT@@UEAA@XZ 0000000180015010 f i BerconGradient.obj
 0001:00014040       ??1BerconGradient@@UEAA@XZ 0000000180015040 f   BerconGradient.obj
 0001:00014110       ??1BerconGradientClassDesc@@UEAA@XZ 0000000180015110 f i BerconGradient.obj
 0001:00014150       ??1BerconGradientDlgProc@@UEAA@XZ 0000000180015150 f i BerconGradient.obj
 0001:00014180       ??1GradientRamp@@QEAA@XZ   0000000180015180 f i BerconGradient.obj
 0001:000141f0       ??1ICustomControl@@UEAA@XZ 00000001800151f0 f i BerconGradient.obj
 0001:00014220       ??1IGradient@@UEAA@XZ      0000000180015220 f i BerconGradient.obj
 0001:000142a0       ??4CurvePoint@@QEAAAEAV0@AEBV0@@Z 00000001800152a0 f i BerconGradient.obj
 0001:000142f4       ??_EBerconGradient@@WEA@EAAPEAXI@Z 00000001800152f4 f i BerconGradient.obj
 0001:00014300       ??_GBerconCurveDlgProcGRADIENT@@UEAAPEAXI@Z 0000000180015300 f i BerconGradient.obj
 0001:00014300       ??_EBerconCurveDlgProcGRADIENT@@UEAAPEAXI@Z 0000000180015300 f i BerconGradient.obj
 0001:00014360       ??_GBerconGradient@@UEAAPEAXI@Z 0000000180015360 f i BerconGradient.obj
 0001:00014360       ??_EBerconGradient@@UEAAPEAXI@Z 0000000180015360 f i BerconGradient.obj
 0001:000143c0       ??_EBerconGradientClassDesc@@UEAAPEAXI@Z 00000001800153c0 f i BerconGradient.obj
 0001:000143c0       ??_GBerconGradientClassDesc@@UEAAPEAXI@Z 00000001800153c0 f i BerconGradient.obj
 0001:00014420       ??_GBerconGradientDlgProc@@UEAAPEAXI@Z 0000000180015420 f i BerconGradient.obj
 0001:00014420       ??_EBerconGradientDlgProc@@UEAAPEAXI@Z 0000000180015420 f i BerconGradient.obj
 0001:00014480       ??_GGradientRamp@@QEAAPEAXI@Z 0000000180015480 f i BerconGradient.obj
 0001:000144c0       ??_EICustomControl@@UEAAPEAXI@Z 00000001800154c0 f i BerconGradient.obj
 0001:000144c0       ??_GICustomControl@@UEAAPEAXI@Z 00000001800154c0 f i BerconGradient.obj
 0001:00014520       ??_GIGradient@@UEAAPEAXI@Z 0000000180015520 f i BerconGradient.obj
 0001:00014520       ??_EIGradient@@UEAAPEAXI@Z 0000000180015520 f i BerconGradient.obj
 0001:00014580       ?ActivateTexDisplay@BerconGradient@@UEAAXH@Z 0000000180015580 f i BerconGradient.obj
 0001:000145b0       ?ClassID@BerconGradientClassDesc@@UEAA?AVClass_ID@@XZ 00000001800155b0 f i BerconGradient.obj
 0001:000145b0       ?ClassID@BerconGradient@@UEAA?AVClass_ID@@XZ 00000001800155b0 f i BerconGradient.obj
 0001:000145e0       ?ClassName@BerconGradientClassDesc@@UEAAPEB_WXZ 00000001800155e0 f i BerconGradient.obj
 0001:00014600       ?Clone@BerconGradient@@UEAAPEAVReferenceTarget@@AEAVRemapDir@@@Z 0000000180015600 f   BerconGradient.obj
 0001:000148d0       ?Create@BerconGradientClassDesc@@UEAAPEAXH@Z 00000001800158d0 f i BerconGradient.obj
 0001:00014940       ?CreateParamDlg@BerconGradient@@UEAAPEAVParamDlg@@PEAUHWND__@@PEAVIMtlParams@@@Z 0000000180015940 f   BerconGradient.obj
 0001:00014b30       ?DiscardTexHandle@BerconGradient@@QEAAXXZ 0000000180015b30 f i BerconGradient.obj
 0001:00014b80       ?DlgProc@BerconCurveDlgProcGRADIENT@@UEAA_JHPEAVIParamMap2@@PEAUHWND__@@I_K_J@Z 0000000180015b80 f i BerconGradient.obj
 0001:00014c90       ?DlgProc@BerconGradientDlgProc@@UEAA_JHPEAVIParamMap2@@PEAUHWND__@@I_K_J@Z 0000000180015c90 f   BerconGradient.obj
 0001:00015d60       ?DotProd@@YAMAEBVPoint3@@0@Z 0000000180016d60 f i BerconGradient.obj
 0001:00015db0       ?EnableStuff@BerconGradient@@QEAAXXZ 0000000180016db0 f   BerconGradient.obj
 0001:000164d0       ?EvalColor@BerconGradient@@UEAA?AVAColor@@AEAVShadeContext@@@Z 00000001800174d0 f   BerconGradient.obj
 0001:00016980       ?EvalNormalPerturb@BerconGradient@@UEAA?AVPoint3@@AEAVShadeContext@@@Z 0000000180017980 f   BerconGradient.obj
 0001:00017340       ?GetActiveTexHandle@BerconGradient@@UEAA_KHAEAVTexHandleMaker@@@Z 0000000180018340 f   BerconGradient.obj
 0001:00017450       ?GetBerconGradientDesc@@YAPEAVClassDesc2@@XZ 0000000180018450 f   BerconGradient.obj
 0001:00017460       ?GetClassName@BerconGradient@@UEAAXAEAVWStr@@@Z 0000000180018460 f i BerconGradient.obj
 0001:00017490       ?GetHwnd@IGradient@@UEAAPEAUHWND__@@XZ 0000000180018490 f i BerconGradient.obj
 0001:000174a0       ?GetParamBlock@BerconGradient@@UEAAPEAVIParamBlock2@@H@Z 00000001800184a0 f i BerconGradient.obj
 0001:00017500       ?GetParamBlockByID@BerconGradient@@UEAAPEAVIParamBlock2@@F@Z 0000000180018500 f i BerconGradient.obj
 0001:000175c0       ?GetReference@BerconGradient@@UEAAPEAVReferenceTarget@@H@Z 00000001800185c0 f   BerconGradient.obj
 0001:000176d0       ?GetSubTexmap@BerconGradient@@UEAAPEAVTexmap@@H@Z 00000001800186d0 f   BerconGradient.obj
 0001:00017750       ?GetSubTexmapSlotName@BerconGradient@@UEAA?AVWStr@@H@Z 0000000180018750 f   BerconGradient.obj
 0001:00017870       ?GetToolTip@BerconNoise@@UEAAHHAEAVWStr@@PEAVICurveCtl@@@Z 0000000180018870 f i BerconNoise.obj
 0001:00017870       ?GetToolTip@BerconWood@@UEAAHHAEAVWStr@@PEAVICurveCtl@@@Z 0000000180018870 f i BerconWood.obj
 0001:00017870       ?GetToolTip@BerconGradient@@UEAAHHAEAVWStr@@PEAVICurveCtl@@@Z 0000000180018870 f i BerconGradient.obj
 0001:00017890       ?GetTrans@Matrix3@@QEBAAEBVPoint3@@XZ 0000000180018890 f i BerconGradient.obj
 0001:000178b0       ?HInstance@BerconWoodClassDesc@@UEAAPEAUHINSTANCE__@@XZ 00000001800188b0 f i BerconWood.obj
 0001:000178b0       ?HInstance@BerconTileClassDesc@@UEAAPEAUHINSTANCE__@@XZ 00000001800188b0 f i BerconTile.obj
 0001:000178b0       ?HInstance@BerconGradientClassDesc@@UEAAPEAUHINSTANCE__@@XZ 00000001800188b0 f i BerconGradient.obj
 0001:000178b0       ?HInstance@BerconDistortionClassDesc@@UEAAPEAUHINSTANCE__@@XZ 00000001800188b0 f i BerconDistortion.obj
 0001:000178b0       ?HInstance@BerconNoiseClassDesc@@UEAAPEAUHINSTANCE__@@XZ 00000001800188b0 f i BerconNoise.obj
 0001:000178c0       ?InternalName@BerconGradientClassDesc@@UEAAPEB_WXZ 00000001800188c0 f i BerconGradient.obj
 0001:000178d0       ?LocalRequirements@BerconGradient@@UEAAKH@Z 00000001800188d0 f i BerconGradient.obj
 0001:00017900       ?MappingsRequired@BerconGradient@@UEAAXHAEAVBitArray@@0@Z 0000000180018900 f i BerconGradient.obj
 0001:00017940       ?NewCurveCreatedCallback@BerconGradient@@UEAAXHPEAVICurveCtl@@@Z 0000000180018940 f i BerconGradient.obj
 0001:00017940       ?NewCurveCreatedCallback@BerconWood@@UEAAXHPEAVICurveCtl@@@Z 0000000180018940 f i BerconWood.obj
 0001:00017b30       ?NewCurveCreatedCallback@ResourceMakerCallback@@UEAAXHPEAVICurveCtl@@@Z 0000000180018b30 f i BerconGradient.obj
 0001:00017b30       ?NotifyTarget@ReferenceTarget@@UEAAXHPEAVReferenceMaker@@@Z 0000000180018b30 f i BerconDistortion.obj
 0001:00017b30       ?ResetCallback@ResourceMakerCallback@@UEAAXHPEAVICurveCtl@@@Z 0000000180018b30 f i BerconGradient.obj
 0001:00017b40       ?NotifyRefChanged@BerconGradient@@UEAA?AW4RefResult@@AEBVInterval@@PEAVReferenceTarget@@AEA_KIH@Z 0000000180018b40 f   BerconGradient.obj
 0001:00017cc0       ?NumSubTexmaps@BerconGradient@@UEAAHXZ 0000000180018cc0 f i BerconGradient.obj
 0001:00017cf0       ?NumSubs@BerconGradient@@UEAAHXZ 0000000180018cf0 f i BerconGradient.obj
 0001:00017cf0       ?NumRefs@BerconGradient@@UEAAHXZ 0000000180018cf0 f i BerconGradient.obj
 0001:00017d20       ?RenderBegin@BerconGradient@@UEAAHHK@Z 0000000180018d20 f i BerconGradient.obj
 0001:00017d50       ?RenderEnd@BerconGradient@@UEAAHH@Z 0000000180018d50 f i BerconGradient.obj
 0001:00017d70       ?Reset@BerconGradient@@UEAAXXZ 0000000180018d70 f   BerconGradient.obj
 0001:00018310       ?ResetCallback@BerconWood@@UEAAXHPEAVICurveCtl@@@Z 0000000180019310 f i BerconWood.obj
 0001:00018310       ?ResetCallback@BerconGradient@@UEAAXHPEAVICurveCtl@@@Z 0000000180019310 f i BerconGradient.obj
 0001:000183a0       ?SetCustomImageList@BerconGradient@@UEAAHAEAPEAU_IMAGELIST@@PEAVICurveCtl@@@Z 00000001800193a0 f i BerconGradient.obj
 0001:000183a0       ?SetCustomImageList@BerconNoise@@UEAAHAEAPEAU_IMAGELIST@@PEAVICurveCtl@@@Z 00000001800193a0 f i BerconNoise.obj
 0001:000183a0       ?SetCustomImageList@BerconWood@@UEAAHAEAPEAU_IMAGELIST@@PEAVICurveCtl@@@Z 00000001800193a0 f i BerconWood.obj
 0001:000183c0       ?SetDlgThing@BerconGradient@@UEAAHPEAVParamDlg@@@Z 00000001800193c0 f   BerconGradient.obj
 0001:00018410       ?SetReference@BerconGradient@@UEAAXHPEAVReferenceTarget@@@Z 0000000180019410 f   BerconGradient.obj
 0001:00018590       ?SetSubTexmap@BerconGradient@@UEAAXHPEAVTexmap@@@Z 0000000180019590 f   BerconGradient.obj
 0001:00018660       ?SetThing@BerconCurveDlgProcGRADIENT@@UEAAXPEAVReferenceTarget@@@Z 0000000180019660 f i BerconGradient.obj
 0001:000186a0       ?SetThing@BerconGradientDlgProc@@UEAAXPEAVReferenceTarget@@@Z 00000001800196a0 f i BerconGradient.obj
 0001:000187a0       ?SetTooltip@IGradient@@UEAAX_NPEB_W@Z 00000001800197a0 f i BerconGradient.obj
 0001:000187b0       ?SubAnim@BerconGradient@@UEAAPEAVAnimatable@@H@Z 00000001800197b0 f   BerconGradient.obj
 0001:000188d0       ?SubAnimName@BerconGradient@@UEAA?AVWStr@@H@Z 00000001800198d0 f   BerconGradient.obj
 0001:00018a50       ?Update@BerconGradient@@UEAAXHAEAVInterval@@@Z 0000000180019a50 f   BerconGradient.obj
 0001:00019ce0       ?Validity@BerconGradient@@UEAA?AVInterval@@H@Z 000000018001ace0 f   BerconGradient.obj
 0001:00019d60       ?acos@@YAMM@Z              000000018001ad60 f i BerconGradient.obj
 0001:00019d90       ?countKeys@BerconGradient@@QEAAHXZ 000000018001ad90 f   BerconGradient.obj
 0001:00019e90       ?fabs@@YAMM@Z              000000018001ae90 f i BerconGradient.obj
 0001:00019ec0       ?getGradientValue@BerconGradient@@QEAAMAEAVShadeContext@@@Z 000000018001aec0 f   BerconGradient.obj
 0001:0001a450       ?getGradientValueDist@BerconGradient@@QEAAMAEAVShadeContext@@@Z 000000018001b450 f   BerconGradient.obj
 0001:0001ab00       ?getGradientValueNormal@BerconGradient@@QEAAMAEAVShadeContext@@@Z 000000018001bb00 f   BerconGradient.obj
 0001:0001b240       ?getGradientValueUVW@BerconGradient@@QEAAMVPoint3@@@Z 000000018001c240 f   BerconGradient.obj
 0001:0001b950       ?getKeyTex@BerconGradient@@QEAAPEAVTexmap@@XZ 000000018001c950 f   BerconGradient.obj
 0001:0001b980       ?gradAddKey@BerconGradient@@UEAAXM@Z 000000018001c980 f   BerconGradient.obj
 0001:0001bb50       ?gradDelKey@BerconGradient@@UEAAXH@Z 000000018001cb50 f   BerconGradient.obj
 0001:0001bce0       ?gradMoveKey@BerconGradient@@UEAAXHM@Z 000000018001cce0 f   BerconGradient.obj
 0001:0001be30       ?gradReset@BerconGradient@@UEAAXXZ 000000018001ce30 f i BerconGradient.obj
 0001:0001be60       ?gradSelKey@BerconGradient@@UEAAXXZ 000000018001ce60 f   BerconGradient.obj
 0001:0001bf70       ?keyColorChanged@BerconGradient@@QEAAXVAColor@@@Z 000000018001cf70 f   BerconGradient.obj
 0001:0001c120       ?keyNumChanged@BerconGradient@@QEAAXH@Z 000000018001d120 f   BerconGradient.obj
 0001:0001c280       ?keyPosChanged@BerconGradient@@QEAAXM@Z 000000018001d280 f   BerconGradient.obj
 0001:0001c430       ?limitRange@BerconGradient@@QEAAHAEAM@Z 000000018001d430 f   BerconGradient.obj
 0001:0001c5d0       ?numKeys@GradientRamp@@QEAAHXZ 000000018001d5d0 f i BerconGradient.obj
 0001:0001c5e0       ?resetKeys@BerconGradient@@QEAAXXZ 000000018001d5e0 f   BerconGradient.obj
 0001:0001c790       ?seedRandomGen@BerconGradient@@QEAAXAEAVShadeContext@@@Z 000000018001d790 f   BerconGradient.obj
 0001:0001ca00       ?setGradient@IGradient@@QEAAXPEAVGradientRamp@@@Z 000000018001da00 f i BerconGradient.obj
 0001:0001ca20       ?setKeyTex@BerconGradient@@QEAAXPEAVTexmap@@@Z 000000018001da20 f   BerconGradient.obj
 0001:0001cb20       ?sqrt@@YAMM@Z              000000018001db20 f i BerconGradient.obj
 0001:0001cb50       fabsf                      000000018001db50 f i BerconGradient.obj
 0001:0001cb70       ??0AColor@@QEAA@AEBVColor@@M@Z 000000018001db70 f i BerconNoise.obj
 0001:0001cbd0       ??0BerconCurveDlgProcNOISE@@QEAA@PEAVBerconNoise@@@Z 000000018001dbd0 f i BerconNoise.obj
 0001:0001cc20       ??0BerconNoise@@QEAA@XZ    000000018001dc20 f   BerconNoise.obj
 0001:0001cdb0       ??0BerconNoiseClassDesc@@QEAA@XZ 000000018001ddb0 f i BerconNoise.obj
 0001:0001cdf0       ??0BerconNoiseDlgProc@@QEAA@PEAVBerconNoise@@@Z 000000018001ddf0 f i BerconNoise.obj
 0001:0001ce40       ??0Color@@QEAA@HHH@Z       000000018001de40 f i BerconNoise.obj
 0001:0001ce90       ??1BerconCurveDlgProcNOISE@@UEAA@XZ 000000018001de90 f i BerconNoise.obj
 0001:0001ced0       ??1BerconNoise@@UEAA@XZ    000000018001ded0 f   BerconNoise.obj
 0001:0001cf30       ??1BerconNoiseClassDesc@@UEAA@XZ 000000018001df30 f i BerconNoise.obj
 0001:0001cf70       ??1BerconNoiseDlgProc@@UEAA@XZ 000000018001df70 f i BerconNoise.obj
 0001:0001cfb0       ??D@YA?AVAColor@@MAEBV0@@Z 000000018001dfb0 f i BerconNoise.obj
 0001:0001d030       ??D@YA?AVPoint3@@MAEBV0@@Z 000000018001e030 f i BerconNoise.obj
 0001:0001d0a0       ??HAColor@@QEBA?AV0@AEBV0@@Z 000000018001e0a0 f i BerconNoise.obj
 0001:0001d130       ??_EBerconNoise@@WEA@EAAPEAXI@Z 000000018001e130 f i BerconNoise.obj
 0001:0001d140       ??_GBerconCurveDlgProcNOISE@@UEAAPEAXI@Z 000000018001e140 f i BerconNoise.obj
 0001:0001d140       ??_EBerconCurveDlgProcNOISE@@UEAAPEAXI@Z 000000018001e140 f i BerconNoise.obj
 0001:0001d1a0       ??_EBerconNoise@@UEAAPEAXI@Z 000000018001e1a0 f i BerconNoise.obj
 0001:0001d1a0       ??_GBerconNoise@@UEAAPEAXI@Z 000000018001e1a0 f i BerconNoise.obj
 0001:0001d200       ??_EBerconNoiseClassDesc@@UEAAPEAXI@Z 000000018001e200 f i BerconNoise.obj
 0001:0001d200       ??_GBerconNoiseClassDesc@@UEAAPEAXI@Z 000000018001e200 f i BerconNoise.obj
 0001:0001d260       ??_GBerconNoiseDlgProc@@UEAAPEAXI@Z 000000018001e260 f i BerconNoise.obj
 0001:0001d260       ??_EBerconNoiseDlgProc@@UEAAPEAXI@Z 000000018001e260 f i BerconNoise.obj
 0001:0001d2c0       ?ActivateTexDisplay@BerconNoise@@UEAAXH@Z 000000018001e2c0 f i BerconNoise.obj
 0001:0001d2f0       ?Category@BerconWoodClassDesc@@UEAAPEB_WXZ 000000018001e2f0 f i BerconWood.obj
 0001:0001d2f0       ?Category@BerconDistortionClassDesc@@UEAAPEB_WXZ 000000018001e2f0 f i BerconDistortion.obj
 0001:0001d2f0       ?Category@BerconGradientClassDesc@@UEAAPEB_WXZ 000000018001e2f0 f i BerconGradient.obj
 0001:0001d2f0       ?Category@BerconNoiseClassDesc@@UEAAPEB_WXZ 000000018001e2f0 f i BerconNoise.obj
 0001:0001d2f0       ?Category@BerconTileClassDesc@@UEAAPEB_WXZ 000000018001e2f0 f i BerconTile.obj
 0001:0001d300       ?ClassID@BerconNoise@@UEAA?AVClass_ID@@XZ 000000018001e300 f i BerconNoise.obj
 0001:0001d300       ?ClassID@BerconNoiseClassDesc@@UEAA?AVClass_ID@@XZ 000000018001e300 f i BerconNoise.obj
 0001:0001d330       ?ClassName@BerconNoiseClassDesc@@UEAAPEB_WXZ 000000018001e330 f i BerconNoise.obj
 0001:0001d350       ?Clone@BerconNoise@@UEAAPEAVReferenceTarget@@AEAVRemapDir@@@Z 000000018001e350 f   BerconNoise.obj
 0001:0001d610       ?Create@BerconNoiseClassDesc@@UEAAPEAXH@Z 000000018001e610 f i BerconNoise.obj
 0001:0001d680       ?CreateParamDlg@BerconNoise@@UEAAPEAVParamDlg@@PEAUHWND__@@PEAVIMtlParams@@@Z 000000018001e680 f   BerconNoise.obj
 0001:0001d870       ?DiscardTexHandle@BerconNoise@@QEAAXXZ 000000018001e870 f i BerconNoise.obj
 0001:0001d8c0       ?DlgProc@BerconCurveDlgProcNOISE@@UEAA_JHPEAVIParamMap2@@PEAUHWND__@@I_K_J@Z 000000018001e8c0 f i BerconNoise.obj
 0001:0001d9d0       ?DlgProc@BerconNoiseDlgProc@@UEAA_JHPEAVIParamMap2@@PEAUHWND__@@I_K_J@Z 000000018001e9d0 f   BerconNoise.obj
 0001:0001e260       ?EnableStuff@BerconNoise@@QEAAXXZ 000000018001f260 f   BerconNoise.obj
 0001:0001e7d0       ?EvalColor@BerconNoise@@UEAA?AVAColor@@AEAVShadeContext@@@Z 000000018001f7d0 f   BerconNoise.obj
 0001:0001ef70       ?EvalNormalPerturb@BerconNoise@@UEAA?AVPoint3@@AEAVShadeContext@@@Z 000000018001ff70 f   BerconNoise.obj
 0001:0001fc20       ?EvalParameters@BerconNoise@@QEAA?AVNoiseParams@@PEAVShadeContext@@@Z 0000000180020c20 f   BerconNoise.obj
 0001:00020730       ?GetActiveTexHandle@BerconNoise@@UEAA_KHAEAVTexHandleMaker@@@Z 0000000180021730 f   BerconNoise.obj
 0001:00020840       ?GetBerconNoiseDesc@@YAPEAVClassDesc2@@XZ 0000000180021840 f   BerconNoise.obj
 0001:00020850       ?GetClassName@BerconNoise@@UEAAXAEAVWStr@@@Z 0000000180021850 f i BerconNoise.obj
[...]
 0004:00002df0       $pdata$?dtor$3@?0???$_Uninitialized_copy@V?$_Vector_const_iterator@V?$_Vector_val@U?$_Simple_types@M@std@@@std@@@std@@PEAMV?$allocator@M@2@@std@@YAPEAMV?$_Vector_const_iterator@V?$_Vector_val@U?$_Simple_types@M@std@@@std@@@0@0PEAMAEAU?$_Wrap_alloc@V?$allocator@M@std@@@0@@Z@4HA 0000000180062df0     tile.obj
 0004:00002dfc       $pdata$?catch$0@?0???$_Uninitialized_move_al_unchecked1@PEAV?$basic_string@_WU?$char_traits@_W@std@@V?$allocator@_W@2@@std@@PEAV12@V?$allocator@V?$basic_string@_WU?$char_traits@_W@std@@V?$allocator@_W@2@@std@@@2@@std@@YAPEAV?$basic_string@_WU?$char_traits@_W@std@@V?$allocator@_W@2@@0@PEAV10@00AEAU?$_Wrap_alloc@V?$allocator@V?$basic_string@_WU?$char_traits@_W@std@@V?$allocator@_W@2@@std@@@std@@@0@U_General_ptr_iterator_tag@0@U_Any_tag@0@@Z@4HA 0000000180062dfc     tile.obj
 0004:00002e08       $pdata$?catch$0@?0???$_Uninitialized_move_al_unchecked1@PEAVTileRow@@PEAV1@V?$allocator@VTileRow@@@std@@@std@@YAPEAVTileRow@@PEAV1@00AEAU?$_Wrap_alloc@V?$allocator@VTileRow@@@std@@@0@U_General_ptr_iterator_tag@0@U_Any_tag@0@@Z@4HA 0000000180062e08     tile.obj
 0004:00002e14       $pdata$?dtor$0@?0???$construct@VTileRow@@AEBV1@@?$allocator@VTileRow@@@std@@QEAAXPEAVTileRow@@AEBV2@@Z@4HA 0000000180062e14     tile.obj
 0004:00002e14       $pdata$?dtor$0@?0???$construct@VTileRow@@AEAV1@@?$allocator@VTileRow@@@std@@QEAAXPEAVTileRow@@AEAV2@@Z@4HA 0000000180062e14     tile.obj
 0004:00002e20       $pdata$?dtor$0@?0???1?$_Iterator012@Urandom_access_iterator_tag@std@@M_JPEBMAEBMU_Iterator_base12@2@@std@@QEAA@XZ@4HA 0000000180062e20     tile.obj
 0004:00002e20       $pdata$?dtor$0@?0???0?$_Iterator012@Urandom_access_iterator_tag@std@@M_JPEBMAEBMU_Iterator_base12@2@@std@@QEAA@XZ@4HA 0000000180062e20     tile.obj
 0004:00002e20       $pdata$?dtor$0@?0???0?$_Iterator012@Urandom_access_iterator_tag@std@@M_JPEBMAEBMU_Iterator_base12@2@@std@@QEAA@AEBU01@@Z@4HA 0000000180062e20     tile.obj
 0004:00002e2c       $pdata$?dtor$0@?0???0?$_Vector_alloc@U?$_Vec_base_types@V?$basic_string@_WU?$char_traits@_W@std@@V?$allocator@_W@2@@std@@V?$allocator@V?$basic_string@_WU?$char_traits@_W@std@@V?$allocator@_W@2@@std@@@2@@std@@@std@@QEAA@XZ@4HA 0000000180062e2c     tile.obj
 0004:00002e2c       $pdata$?dtor$0@?0???1?$_Vector_alloc@U?$_Vec_base_types@V?$basic_string@_WU?$char_traits@_W@std@@V?$allocator@_W@2@@std@@V?$allocator@V?$basic_string@_WU?$char_traits@_W@std@@V?$allocator@_W@2@@std@@@2@@std@@@std@@QEAA@XZ@4HA 0000000180062e2c     tile.obj
 0004:00002e38       $pdata$?dtor$0@?0???1?$_Vector_const_iterator@V?$_Vector_val@U?$_Simple_types@M@std@@@std@@@std@@QEAA@XZ@4HA 0000000180062e38     tile.obj
 0004:00002e38       $pdata$?dtor$0@?0???0?$_Vector_const_iterator@V?$_Vector_val@U?$_Simple_types@M@std@@@std@@@std@@QEAA@AEBV01@@Z@4HA 0000000180062e38     tile.obj
 0004:00002e38       $pdata$?dtor$0@?0???0?$_Vector_const_iterator@V?$_Vector_val@U?$_Simple_types@M@std@@@std@@@std@@QEAA@PEAMPEBU_Container_base12@1@@Z@4HA 0000000180062e38     tile.obj
 0004:00002e44       $pdata$?dtor$0@?0???0?$basic_string@_WU?$char_traits@_W@std@@V?$allocator@_W@2@@std@@QEAA@AEBV01@@Z@4HA 0000000180062e44     tile.obj
 0004:00002e44       $pdata$?dtor$0@?0???0?$basic_string@_WU?$char_traits@_W@std@@V?$allocator@_W@2@@std@@QEAA@AEBV01@_K1AEBV?$allocator@_W@1@@Z@4HA 0000000180062e44     tile.obj
 0004:00002e44       $pdata$?dtor$0@?0???0?$basic_string@_WU?$char_traits@_W@std@@V?$allocator@_W@2@@std@@QEAA@PEB_W@Z@4HA 0000000180062e44     BerconTile.obj
 0004:00002e44       $pdata$?dtor$0@?0???1?$basic_string@_WU?$char_traits@_W@std@@V?$allocator@_W@2@@std@@QEAA@XZ@4HA 0000000180062e44     BerconTile.obj
 0004:00002e44       $pdata$?dtor$0@?0???0?$basic_string@_WU?$char_traits@_W@std@@V?$allocator@_W@2@@std@@QEAA@$$QEAV01@@Z@4HA 0000000180062e44     tile.obj
 0004:00002e50       $pdata$?dtor$0@?0???0?$basic_stringbuf@_WU?$char_traits@_W@std@@V?$allocator@_W@2@@std@@QEAA@AEBV?$basic_string@_WU?$char_traits@_W@std@@V?$allocator@_W@2@@1@H@Z@4HA 0000000180062e50     tile.obj
 0004:00002e5c       $pdata$?dtor$0@?0???0?$basic_stringstream@_WU?$char_traits@_W@std@@V?$allocator@_W@2@@std@@QEAA@AEBV?$basic_string@_WU?$char_traits@_W@std@@V?$allocator@_W@2@@1@H@Z@4HA 0000000180062e5c     tile.obj
 0004:00002e68       $pdata$?dtor$1@?0???0?$basic_stringstream@_WU?$char_traits@_W@std@@V?$allocator@_W@2@@std@@QEAA@AEBV?$basic_string@_WU?$char_traits@_W@std@@V?$allocator@_W@2@@1@H@Z@4HA 0000000180062e68     tile.obj
 0004:00002e74       $pdata$?dtor$2@?0???0?$basic_stringstream@_WU?$char_traits@_W@std@@V?$allocator@_W@2@@std@@QEAA@AEBV?$basic_string@_WU?$char_traits@_W@std@@V?$allocator@_W@2@@1@H@Z@4HA 0000000180062e74     tile.obj
 0004:00002e80       $pdata$?dtor$0@?0???1?$vector@MV?$allocator@M@std@@@std@@QEAA@XZ@4HA 0000000180062e80     BerconTile.obj
 0004:00002e80       $pdata$?dtor$0@?0???0?$vector@MV?$allocator@M@std@@@std@@QEAA@XZ@4HA 0000000180062e80     BerconTile.obj
 0004:00002e80       $pdata$?dtor$0@?0???0?$vector@MV?$allocator@M@std@@@std@@QEAA@$$QEAV01@@Z@4HA 0000000180062e80     tile.obj
 0004:00002e8c       $pdata$?dtor$0@?0???0?$vector@MV?$allocator@M@std@@@std@@QEAA@AEBV01@@Z@4HA 0000000180062e8c     tile.obj
 0004:00002e98       $pdata$?dtor$1@?0???0?$vector@MV?$allocator@M@std@@@std@@QEAA@AEBV01@@Z@4HA 0000000180062e98     tile.obj
 0004:00002ea4       $pdata$?dtor$2@?0???0?$vector@MV?$allocator@M@std@@@std@@QEAA@AEBV01@@Z@4HA 0000000180062ea4     tile.obj
 0004:00002eb0       $pdata$?catch$3@?0???0?$vector@MV?$allocator@M@std@@@std@@QEAA@AEBV01@@Z@4HA 0000000180062eb0     tile.obj
 0004:00002ebc       $pdata$?dtor$0@?0???0?$vector@V?$basic_string@_WU?$char_traits@_W@std@@V?$allocator@_W@2@@std@@V?$allocator@V?$basic_string@_WU?$char_traits@_W@std@@V?$allocator@_W@2@@std@@@2@@std@@QEAA@XZ@4HA 0000000180062ebc     tile.obj
 0004:00002ebc       $pdata$?dtor$0@?0???1?$vector@V?$basic_string@_WU?$char_traits@_W@std@@V?$allocator@_W@2@@std@@V?$allocator@V?$basic_string@_WU?$char_traits@_W@std@@V?$allocator@_W@2@@std@@@2@@std@@QEAA@XZ@4HA 0000000180062ebc     tile.obj
 0004:00002ec8       $pdata$?dtor$0@?0???1?$basic_stringbuf@_WU?$char_traits@_W@std@@V?$allocator@_W@2@@std@@UEAA@XZ@4HA 0000000180062ec8     tile.obj
 0004:00002ed4       $pdata$?dtor$0@?0???1?$basic_stringstream@_WU?$char_traits@_W@std@@V?$allocator@_W@2@@std@@UEAA@XZ@4HA 0000000180062ed4     tile.obj
 0004:00002ee0       $pdata$?dtor$1@?0???1?$basic_stringstream@_WU?$char_traits@_W@std@@V?$allocator@_W@2@@std@@UEAA@XZ@4HA 0000000180062ee0     tile.obj
 0004:00002eec       $pdata$?dtor$0@?0???1_Iterator_base12@std@@QEAA@XZ@4HA 0000000180062eec     tile.obj
 0004:00002eec       $pdata$?dtor$0@?0???4_Iterator_base12@std@@QEAAAEAU01@AEBU01@@Z@4HA 0000000180062eec     tile.obj
 0004:00002ef8       $pdata$?dtor$0@?0??_Adopt@_Iterator_base12@std@@QEAAXPEBU_Container_base12@2@@Z@4HA 0000000180062ef8     tile.obj
 0004:00002f04       $pdata$?dtor$1@?0??_Adopt@_Iterator_base12@std@@QEAAXPEBU_Container_base12@2@@Z@4HA 0000000180062f04     tile.obj
 0004:00002f10       $pdata$?catch$0@?0??_Reallocate@?$vector@MV?$allocator@M@std@@@std@@IEAAX_K@Z@4HA 0000000180062f10     tile.obj
 0004:00002f1c       $pdata$?catch$0@?0??_Reallocate@?$vector@V?$basic_string@_WU?$char_traits@_W@std@@V?$allocator@_W@2@@std@@V?$allocator@V?$basic_string@_WU?$char_traits@_W@std@@V?$allocator@_W@2@@std@@@2@@std@@IEAAX_K@Z@4HA 0000000180062f1c     tile.obj
 0004:00002f28       $pdata$?catch$0@?0??_Reallocate@?$vector@VTileRow@@V?$allocator@VTileRow@@@std@@@std@@IEAAX_K@Z@4HA 0000000180062f28     tile.obj
 0004:00002f34       $pdata$?dtor$0@?0??end@?$vector@MV?$allocator@M@std@@@std@@QEBA?AV?$_Vector_const_iterator@V?$_Vector_val@U?$_Simple_types@M@std@@@std@@@2@XZ@4HA 0000000180062f34     tile.obj
 0004:00002f34       $pdata$?dtor$0@?0??begin@?$vector@MV?$allocator@M@std@@@std@@QEBA?AV?$_Vector_const_iterator@V?$_Vector_val@U?$_Simple_types@M@std@@@std@@@2@XZ@4HA 0000000180062f34     tile.obj
 0004:00002f40       $pdata$?dtor$0@?0??parsePattern@@YAHV?$basic_string@_WU?$char_traits@_W@std@@V?$allocator@_W@2@@std@@PEAVTilePattern@@@Z@4HA 0000000180062f40     tile.obj
 0004:00002f4c       $pdata$?dtor$1@?0??parsePattern@@YAHV?$basic_string@_WU?$char_traits@_W@std@@V?$allocator@_W@2@@std@@PEAVTilePattern@@@Z@4HA 0000000180062f4c     tile.obj
 0004:00002f58       $pdata$?dtor$2@?0??parsePattern@@YAHV?$basic_string@_WU?$char_traits@_W@std@@V?$allocator@_W@2@@std@@PEAVTilePattern@@@Z@4HA 0000000180062f58     tile.obj
 0004:00002f64       $pdata$?dtor$3@?0??parsePattern@@YAHV?$basic_string@_WU?$char_traits@_W@std@@V?$allocator@_W@2@@std@@PEAVTilePattern@@@Z@4HA 0000000180062f64     tile.obj
 0004:00002f70       $pdata$?dtor$4@?0??parsePattern@@YAHV?$basic_string@_WU?$char_traits@_W@std@@V?$allocator@_W@2@@std@@PEAVTilePattern@@@Z@4HA 0000000180062f70     tile.obj
 0004:00002f7c       $pdata$?dtor$5@?0??parsePattern@@YAHV?$basic_string@_WU?$char_traits@_W@std@@V?$allocator@_W@2@@std@@PEAVTilePattern@@@Z@4HA 0000000180062f7c     tile.obj
 0004:00002f88       $pdata$?dtor$6@?0??parsePattern@@YAHV?$basic_string@_WU?$char_traits@_W@std@@V?$allocator@_W@2@@std@@PEAVTilePattern@@@Z@4HA 0000000180062f88     tile.obj
 0004:00002f94       $pdata$?dtor$7@?0??parsePattern@@YAHV?$basic_string@_WU?$char_traits@_W@std@@V?$allocator@_W@2@@std@@PEAVTilePattern@@@Z@4HA 0000000180062f94     tile.obj
 0004:00002fa0       $pdata$?dtor$8@?0??parsePattern@@YAHV?$basic_string@_WU?$char_traits@_W@std@@V?$allocator@_W@2@@std@@PEAVTilePattern@@@Z@4HA 0000000180062fa0     tile.obj
 0004:00002fac       $pdata$?dtor$0@?0??setPattern@TilePattern@@QEAAXV?$basic_string@_WU?$char_traits@_W@std@@V?$allocator@_W@2@@std@@@Z@4HA 0000000180062fac     tile.obj
 0004:00002fb8       $pdata$?dtor$1@?0??setPattern@TilePattern@@QEAAXV?$basic_string@_WU?$char_traits@_W@std@@V?$allocator@_W@2@@std@@@Z@4HA 0000000180062fb8     tile.obj
 0004:00002fc4       $pdata$?dtor$0@?0??setPreset@TilePattern@@QEAAXH@Z@4HA 0000000180062fc4     tile.obj
 0004:00002fd0       $pdata$?dtor$1@?0??setPreset@TilePattern@@QEAAXH@Z@4HA 0000000180062fd0     tile.obj
 0004:00002fdc       $pdata$?dtor$2@?0??setPreset@TilePattern@@QEAAXH@Z@4HA 0000000180062fdc     tile.obj
 0004:00002fe8       $pdata$?dtor$3@?0??setPreset@TilePattern@@QEAAXH@Z@4HA 0000000180062fe8     tile.obj
 0004:00002ff4       $pdata$?dtor$4@?0??setPreset@TilePattern@@QEAAXH@Z@4HA 0000000180062ff4     tile.obj
 0004:00003000       $pdata$?dtor$5@?0??setPreset@TilePattern@@QEAAXH@Z@4HA 0000000180063000     tile.obj
 0004:0000300c       $pdata$?dtor$6@?0??setPreset@TilePattern@@QEAAXH@Z@4HA 000000018006300c     tile.obj
 0004:00003018       $pdata$?dtor$7@?0??setPreset@TilePattern@@QEAAXH@Z@4HA 0000000180063018     tile.obj
 0004:00003024       $pdata$?dtor$8@?0??setPreset@TilePattern@@QEAAXH@Z@4HA 0000000180063024     tile.obj
 0004:00003030       $pdata$?dtor$9@?0??setPreset@TilePattern@@QEAAXH@Z@4HA 0000000180063030     tile.obj
 0004:0000303c       $pdata$?dtor$0@?0??substr@?$basic_string@_WU?$char_traits@_W@std@@V?$allocator@_W@2@@std@@QEBA?AV12@_K0@Z@4HA 000000018006303c     tile.obj
 0004:00003048       $pdata$?dtor$0@?0??tokenize@@YAXAEBV?$basic_string@_WU?$char_traits@_W@std@@V?$allocator@_W@2@@std@@AEAV?$vector@V?$basic_string@_WU?$char_traits@_W@std@@V?$allocator@_W@2@@std@@V?$allocator@V?$basic_string@_WU?$char_traits@_W@std@@V?$allocator@_W@2@@std@@@2@@2@0@Z@4HA 0000000180063048     tile.obj
 0004:00003054       $pdata$__scrt_is_nonwritable_in_current_image$filt$0 0000000180063054     MSVCRTD:utility.obj
 0004:00003060       $pdata$?fin$0@?0??dllmain_crt_process_attach@@YAHQEAUHINSTANCE__@@QEAX@Z@4HA 0000000180063060     MSVCRTD:dll_dllmain.obj
 0004:0000306c       $pdata$?fin$0@?0??dllmain_crt_process_detach@@YAH_N@Z@4HA 000000018006306c     MSVCRTD:dll_dllmain.obj
 0004:00003078       $pdata$?filt$0@?0??dllmain_dispatch@@YAHQEAUHINSTANCE__@@KQEAX@Z@4HA 0000000180063078     MSVCRTD:dll_dllmain.obj
 0004:00003084       $pdata$??__FBerconDistortionDesc@@YAXXZ 0000000180063084     BerconDistortion.obj
 0004:00003090       $pdata$??__FBerconDistortion_param_blk@@YAXXZ 0000000180063090     BerconDistortion.obj
 0004:0000309c       $pdata$??__Fxyz_blk@@YAXXZ 000000018006309c     BerconDistortion.obj
 0004:000030a8       $pdata$??__FBerconCurve_param_blk@@YAXXZ 00000001800630a8     BerconGradient.obj
 0004:000030b4       $pdata$??__FBerconGradientDesc@@YAXXZ 00000001800630b4     BerconGradient.obj
 0004:000030c0       $pdata$??__Fgradientmap_param_blk@@YAXXZ 00000001800630c0     BerconGradient.obj
 0004:000030cc       $pdata$??__Fxyz_blk@@YAXXZ 00000001800630cc     BerconGradient.obj
 0004:000030d8       $pdata$??__FBerconCurve_param_blk@@YAXXZ 00000001800630d8     BerconNoise.obj
 0004:000030e4       $pdata$??__FBerconMap_param_blk@@YAXXZ 00000001800630e4     BerconNoise.obj
 0004:000030f0       $pdata$??__FBerconNoiseDesc@@YAXXZ 00000001800630f0     BerconNoise.obj
 0004:000030fc       $pdata$??__Fberconnoise_param_blk@@YAXXZ 00000001800630fc     BerconNoise.obj
 0004:00003108       $pdata$??__Fxyz_blk@@YAXXZ 0000000180063108     BerconNoise.obj
 0004:00003114       $pdata$??__FBerconMap_param_blk@@YAXXZ 0000000180063114     BerconTile.obj
 0004:00003120       $pdata$??__FBerconTileDesc@@YAXXZ 0000000180063120     BerconTile.obj
 0004:0000312c       $pdata$??__FBerconTile_param_blk@@YAXXZ 000000018006312c     BerconTile.obj
 0004:00003138       $pdata$??__Fxyz_blk@@YAXXZ 0000000180063138     BerconTile.obj
 0004:00003144       $pdata$??__FBerconCurve_param_blk@@YAXXZ 0000000180063144     BerconWood.obj
 0004:00003150       $pdata$??__FBerconMap_param_blk@@YAXXZ 0000000180063150     BerconWood.obj
 0004:0000315c       $pdata$??__FBerconWoodDesc@@YAXXZ 000000018006315c     BerconWood.obj
 0004:00003168       $pdata$??__FBerconWood_param_blk@@YAXXZ 0000000180063168     BerconWood.obj
 0004:00003174       $pdata$??__Fxyz_blk@@YAXXZ 0000000180063174     BerconWood.obj
 0005:00000000       __guard_fids__             0000000180064000     MSVCRTD:std_type_info_static.obj
 0005:00000004       __guard_fids__             0000000180064004     MSVCRTD:thread_safe_statics.obj
 0005:00000008       __guard_fids_?__scrt_initialize_thread_safe_statics@@YAHXZ 0000000180064008     MSVCRTD:thread_safe_statics.obj
 0005:0000000c       __guard_fids_?dllmain_crt_process_attach@@YAHQEAUHINSTANCE__@@QEAX@Z 000000018006400c     MSVCRTD:dll_dllmain.obj
 0005:00000014       __guard_fids_?dllmain_dispatch@@YAHQEAUHINSTANCE__@@KQEAX@Z 0000000180064014     MSVCRTD:dll_dllmain.obj
 0005:00000018       __guard_fids__             0000000180064018     MSVCRTD:throw_bad_alloc.obj
 0005:00000020       __guard_fids__             0000000180064020     MSVCRTD:throw_bad_alloc.obj
 0005:00000028       __guard_fids__             0000000180064028     MSVCRTD:throw_bad_alloc.obj
 0005:00000030       __guard_fids__             0000000180064030     MSVCRTD:guard_support.obj
 0007:00000910       $R000000                   0000000180066910     BerconNoise.res
 0007:000009c8       $R0000B8                   00000001800669c8     BerconNoise.res
 0007:000009f8       $R0000E8                   00000001800669f8     BerconNoise.res
 0007:00000aa0       $R000190                   0000000180066aa0     BerconNoise.res
 0007:00000c30       $R000320                   0000000180066c30     BerconNoise.res
 0007:00000cd8       $R0003C8                   0000000180066cd8     BerconNoise.res
 0007:00000d80       $R000470                   0000000180066d80     BerconNoise.res
 0007:00000e70       $R000560                   0000000180066e70     BerconNoise.res
 0007:00000f18       $R000608                   0000000180066f18     BerconNoise.res
 0007:00001d80       $R001470                   0000000180067d80     BerconNoise.res
 0007:00002fc0       $R0026B0                   0000000180068fc0     BerconNoise.res
 0007:00004798       $R003E88                   000000018006a798     BerconNoise.res
 0007:00004868       $R003F58                   000000018006a868     BerconNoise.res
 0007:00005268       $R004958                   000000018006b268     BerconNoise.res
 0007:000054b0       $R004BA0                   000000018006b4b0     BerconNoise.res
 0007:00005628       $R004D18                   000000018006b628     BerconNoise.res
 0007:00005e18       $R005508                   000000018006be18     BerconNoise.res
 0007:00006a18       $R006108                   000000018006ca18     BerconNoise.res
 0007:00007b70       $R007260                   000000018006db70     BerconNoise.res
 0007:00008cd8       $R0083C8                   000000018006ecd8     BerconNoise.res
 0007:00009c30       $R009320                   000000018006fc30     BerconNoise.res
 0007:0000acc8       $R00A3B8                   0000000180070cc8     BerconNoise.res
 0007:0000b648       $R00AD38                   0000000180071648     BerconNoise.res
 0007:0000b708       $R00ADF8                   0000000180071708     BerconNoise.res
 0007:00018850       $R017F40                   000000018007e850     BerconNoise.res
 0007:000189c8       $R0180B8                   000000018007e9c8     BerconNoise.res
 0007:00018a30       $R018120                   000000018007ea30     BerconNoise.res
 0007:00018b98       $R018288                   000000018007eb98     BerconNoise.res
 0007:00018be8       $R0182D8                   000000018007ebe8     BerconNoise.res
 0007:00018db0       $R0184A0                   000000018007edb0     BerconNoise.res
 0007:00018f88       $R018678                   000000018007ef88     BerconNoise.res
 0007:00019160       $R018850                   000000018007f160     BerconNoise.res
 0007:00019260       $R018950                   000000018007f260     BerconNoise.res
 0007:00019330       $R018A20                   000000018007f330     BerconNoise.res
 0007:00019458       $R018B48                   000000018007f458     BerconNoise.res
 0007:00019558       $R018C48                   000000018007f558     BerconNoise.res
 0007:000196d0       $R018DC0                   000000018007f6d0     BerconNoise.res
 0007:00019850       $R018F40                   000000018007f850     BerconNoise.res
 0007:00019a00       $R0190F0                   000000018007fa00     BerconNoise.res
 0007:00019ae0       $R0191D0                   000000018007fae0     BerconNoise.res
 0007:00019c20       $R019310                   000000018007fc20     BerconNoise.res
 0007:00019d98       $R019488                   000000018007fd98     BerconNoise.res
 0007:00019fa8       $R019698                   000000018007ffa8     BerconNoise.res
 0007:0001a160       $R019850                   0000000180080160     BerconNoise.res
 0007:0001a278       $R019968                   0000000180080278     BerconNoise.res

 Exports

  ordinal    name

        1    ?LibDescription@@YAPEB_WXZ (wchar_t const * __cdecl LibDescription(void))
               exported name: LibDescription
        2    ?LibNumberClasses@@YAHXZ (int __cdecl LibNumberClasses(void))
               exported name: LibNumberClasses
        3    ?LibClassDesc@@YAPEAVClassDesc@@H@Z (class ClassDesc * __cdecl LibClassDesc(int))
               exported name: LibClassDesc
        4    ?LibVersion@@YAKXZ (unsigned long __cdecl LibVersion(void))
               exported name: LibVersion
        6    ?LibInitialize@@YAHXZ (int __cdecl LibInitialize(void))
               exported name: LibInitialize
        7    ?LibShutdown@@YAHXZ (int __cdecl LibShutdown(void))
               exported name: LibShutdown
